Archive member included to satisfy reference by file (symbol)

c:/nxp/s32ds.3.5/s32ds/build_tools/gcc_v10.2/gcc-10.2-arm32-eabi/bin/../lib/gcc/arm-none-eabi/10.2.0/../../../../arm-none-eabi/lib/thumb/v7e-m+fp/hard\libg_nano.a(lib_a-memset.o)
                              out/Crypto_43_HSE_Ipw.o (memset)

Discarded input sections

 .group         0x00000000        0xc out/CryIf.o
 .group         0x00000000        0xc out/CryIf.o
 .group         0x00000000        0xc out/CryIf.o
 .group         0x00000000        0xc out/CryIf.o
 .group         0x00000000        0xc out/CryIf.o
 .group         0x00000000        0xc out/CryIf.o
 .group         0x00000000        0xc out/CryIf.o
 .group         0x00000000        0xc out/CryIf.o
 .group         0x00000000        0xc out/CryIf.o
 .group         0x00000000        0xc out/CryIf.o
 .group         0x00000000        0xc out/CryIf.o
 .group         0x00000000        0xc out/CryIf.o
 .group         0x00000000        0xc out/CryIf.o
 .group         0x00000000        0xc out/CryIf.o
 .group         0x00000000        0xc out/CryIf.o
 .group         0x00000000        0xc out/CryIf.o
 .group         0x00000000        0xc out/CryIf.o
 .group         0x00000000        0xc out/CryIf.o
 .group         0x00000000        0xc out/CryIf.o
 .group         0x00000000        0xc out/CryIf.o
 .group         0x00000000        0xc out/CryIf.o
 .group         0x00000000        0xc out/CryIf.o
 .group         0x00000000        0xc out/CryIf.o
 .group         0x00000000        0xc out/CryIf.o
 .group         0x00000000        0xc out/CryIf.o
 .group         0x00000000        0xc out/CryIf.o
 .group         0x00000000        0xc out/CryIf.o
 .group         0x00000000        0xc out/Crypto_43_HSE.o
 .group         0x00000000        0xc out/Crypto_43_HSE.o
 .group         0x00000000        0xc out/Crypto_43_HSE.o
 .group         0x00000000        0xc out/Crypto_43_HSE.o
 .group         0x00000000        0xc out/Crypto_43_HSE.o
 .group         0x00000000        0xc out/Crypto_43_HSE.o
 .group         0x00000000        0xc out/Crypto_43_HSE.o
 .group         0x00000000        0xc out/Crypto_43_HSE.o
 .group         0x00000000        0xc out/Crypto_43_HSE.o
 .group         0x00000000        0xc out/Crypto_43_HSE.o
 .group         0x00000000        0xc out/Crypto_43_HSE.o
 .group         0x00000000        0xc out/Crypto_43_HSE.o
 .group         0x00000000        0xc out/Crypto_43_HSE.o
 .group         0x00000000        0xc out/Crypto_43_HSE.o
 .group         0x00000000        0xc out/Crypto_43_HSE.o
 .group         0x00000000        0xc out/Crypto_43_HSE.o
 .group         0x00000000        0xc out/Crypto_43_HSE.o
 .group         0x00000000        0xc out/Crypto_43_HSE.o
 .group         0x00000000        0xc out/Crypto_43_HSE.o
 .group         0x00000000        0xc out/Crypto_43_HSE.o
 .group         0x00000000        0xc out/Crypto_43_HSE.o
 .group         0x00000000        0xc out/Crypto_43_HSE.o
 .group         0x00000000        0xc out/Crypto_43_HSE.o
 .group         0x00000000        0xc out/Crypto_43_HSE.o
 .group         0x00000000        0xc out/Crypto_43_HSE.o
 .group         0x00000000        0xc out/Crypto_43_HSE.o
 .group         0x00000000        0xc out/Crypto_43_HSE.o
 .group         0x00000000        0xc out/Crypto_43_HSE.o
 .group         0x00000000        0xc out/Crypto_43_HSE.o
 .group         0x00000000        0xc out/Crypto_43_HSE.o
 .group         0x00000000        0xc out/Crypto_43_HSE.o
 .group         0x00000000        0xc out/Crypto_43_HSE.o
 .group         0x00000000        0xc out/Crypto_43_HSE.o
 .group         0x00000000        0xc out/Crypto_43_HSE.o
 .group         0x00000000        0xc out/Crypto_43_HSE.o
 .group         0x00000000        0xc out/Crypto_43_HSE.o
 .group         0x00000000        0xc out/Crypto_43_HSE.o
 .group         0x00000000        0xc out/Crypto_43_HSE.o
 .group         0x00000000        0xc out/Crypto_43_HSE.o
 .group         0x00000000        0xc out/Crypto_43_HSE.o
 .group         0x00000000        0xc out/Crypto_43_HSE.o
 .group         0x00000000        0xc out/Crypto_43_HSE.o
 .group         0x00000000        0xc out/Crypto_43_HSE.o
 .group         0x00000000        0xc out/Crypto_43_HSE.o
 .group         0x00000000        0xc out/Crypto_43_HSE.o
 .group         0x00000000        0xc out/Crypto_43_HSE.o
 .group         0x00000000        0xc out/Crypto_43_HSE.o
 .group         0x00000000        0xc out/Crypto_43_HSE.o
 .group         0x00000000        0xc out/Crypto_43_HSE.o
 .group         0x00000000        0xc out/Crypto_43_HSE.o
 .group         0x00000000        0xc out/Crypto_43_HSE.o
 .group         0x00000000        0xc out/Crypto_43_HSE.o
 .group         0x00000000        0xc out/Crypto_43_HSE.o
 .group         0x00000000        0xc out/Crypto_43_HSE.o
 .group         0x00000000        0xc out/Crypto_43_HSE.o
 .group         0x00000000        0xc out/Crypto_43_HSE.o
 .group         0x00000000        0xc out/Crypto_43_HSE.o
[...]
Memory Configuration

Name             Origin             Length             Attributes
int_pflash       0x00400000         0x007d4000
int_dflash       0x10000000         0x00020000
int_itcm         0x00000000         0x00008000
int_dtcm         0x20000000         0x0000f000
int_stack_dtcm   0x2000f000         0x00001000
int_sram         0x20400000         0x0007ff00
int_sram_fls_rsv 0x2047ff00         0x00000100
int_sram_no_cacheable 0x20480000         0x0003bf00
int_sram_results 0x204bbf00         0x00000100
int_sram_shareable 0x204bc000         0x00004000
ram_rsvd2        0x204c0000         0x00000000
*default*        0x00000000         0xffffffff

Linker script and memory map

LOAD c:/nxp/s32ds.3.5/s32ds/build_tools/gcc_v10.2/gcc-10.2-arm32-eabi/bin/../lib/gcc/arm-none-eabi/10.2.0/../../../../arm-none-eabi/lib/thumb/v7e-m+fp/hard\libc_nano.a
LOAD c:/nxp/s32ds.3.5/s32ds/build_tools/gcc_v10.2/gcc-10.2-arm32-eabi/bin/../lib/gcc/arm-none-eabi/10.2.0/../../../../arm-none-eabi/lib/thumb/v7e-m+fp/hard\libm.a
LOAD c:/nxp/s32ds.3.5/s32ds/build_tools/gcc_v10.2/gcc-10.2-arm32-eabi/bin/../lib/gcc/arm-none-eabi/10.2.0/thumb/v7e-m+fp/hard\libgcc.a
LOAD out/CryIf.o
LOAD out/Crypto_43_HSE.o
LOAD out/Crypto_43_HSE_ASRExtension.o
LOAD out/Crypto_43_HSE_Cfg.o
LOAD out/Crypto_43_HSE_Ipw.o
LOAD out/Crypto_43_HSE_Util.o
LOAD out/Det.o
LOAD out/Det_stub.o
LOAD out/Hse_Ip.o
LOAD out/Hse_Ip_Cfg.o
LOAD out/Mu_Ip_Irq.o
LOAD out/OsIf_Cfg.o
LOAD out/OsIf_Interrupts.o
LOAD out/OsIf_Timer.o
LOAD out/OsIf_Timer_System.o
LOAD out/OsIf_Timer_System_Internal_Systick.o
LOAD out/SchM_Adc.o
LOAD out/SchM_Ae.o
LOAD out/SchM_Can.o
LOAD out/SchM_CanTrcv_43_AE.o
LOAD out/SchM_CanTrcv_43_fs23.o
LOAD out/SchM_CanTrcv_43_fs65.o
LOAD out/SchM_CanTrcv_nxp_genIO.o
LOAD out/SchM_CanTrcv_nxp_genIO_secure.o
LOAD out/SchM_Can_43_FLEXCAN.o
LOAD out/SchM_Crc.o
LOAD out/SchM_Crypto.o
LOAD out/SchM_Crypto_43_ACE.o
LOAD out/SchM_Crypto_43_HSE.o
LOAD out/SchM_Dio.o
LOAD out/SchM_Dpga.o
LOAD out/SchM_Eep.o
LOAD out/SchM_Eth.o
LOAD out/SchM_EthSwt_43_SJA11XX.o
LOAD out/SchM_EthTrcv_43_PHY.o
LOAD out/SchM_Eth_43_GMAC.o
LOAD out/SchM_Etpu.o
LOAD out/SchM_Fee.o
LOAD out/SchM_Fls.o
LOAD out/SchM_Gd3162.o
LOAD out/SchM_Gdu.o
LOAD out/SchM_Gpt.o
LOAD out/SchM_I2c.o
LOAD out/SchM_I2s.o
LOAD out/SchM_Icu.o
LOAD out/SchM_Ipcf.o
LOAD out/SchM_Iseled.o
LOAD out/SchM_LinTrcv_43_fs23.o
LOAD out/SchM_LinTrcv_43_fs65.o
LOAD out/SchM_Lin_43_LPUART_FLEXIO.o
LOAD out/SchM_Mc12xs6.o
LOAD out/SchM_Mcl.o
LOAD out/SchM_Mcu.o
LOAD out/SchM_MemAcc.o
LOAD out/SchM_Mem_43_EEP.o
LOAD out/SchM_Mem_43_EXFLS.o
LOAD out/SchM_Mem_43_INFLS.o
LOAD out/SchM_Motor_control.o
LOAD out/SchM_NvM.o
LOAD out/SchM_Ocotp.o
LOAD out/SchM_Ocu.o
LOAD out/SchM_Platform.o
LOAD out/SchM_Port.o
LOAD out/SchM_Pwm.o
LOAD out/SchM_Pwm_Etpu.o
LOAD out/SchM_Rdc_checker.o
LOAD out/SchM_Rm.o
LOAD out/SchM_Sbc_fs23.o
LOAD out/SchM_Sbc_fs26.o
LOAD out/SchM_Sbc_fs65.o
LOAD out/SchM_Sent.o
LOAD out/SchM_Spi.o
LOAD out/SchM_Uart.o
LOAD out/SchM_Wdg.o
LOAD out/SchM_Wdg_43_fs23.o
LOAD out/SchM_Wdg_43_fs26.o
LOAD out/SchM_Wdg_43_fs65.o
LOAD out/SchM_Zipwire.o
LOAD out/Vector_Table.o
LOAD out/exceptions.o
LOAD out/main.o
LOAD out/nvic.o
LOAD out/startup.o
LOAD out/startup_cm7.o
LOAD out/sys_init.o
LOAD out/system.o
START GROUP
LOAD c:/nxp/s32ds.3.5/s32ds/build_tools/gcc_v10.2/gcc-10.2-arm32-eabi/bin/../lib/gcc/arm-none-eabi/10.2.0/thumb/v7e-m+fp/hard\libgcc.a
LOAD c:/nxp/s32ds.3.5/s32ds/build_tools/gcc_v10.2/gcc-10.2-arm32-eabi/bin/../lib/gcc/arm-none-eabi/10.2.0/../../../../arm-none-eabi/lib/thumb/v7e-m+fp/hard\libg_nano.a
LOAD c:/nxp/s32ds.3.5/s32ds/build_tools/gcc_v10.2/gcc-10.2-arm32-eabi/bin/../lib/gcc/arm-none-eabi/10.2.0/../../../../arm-none-eabi/lib/thumb/v7e-m+fp/hard\libc_nano.a
END GROUP
START GROUP
LOAD c:/nxp/s32ds.3.5/s32ds/build_tools/gcc_v10.2/gcc-10.2-arm32-eabi/bin/../lib/gcc/arm-none-eabi/10.2.0/thumb/v7e-m+fp/hard\libgcc.a
LOAD c:/nxp/s32ds.3.5/s32ds/build_tools/gcc_v10.2/gcc-10.2-arm32-eabi/bin/../lib/gcc/arm-none-eabi/10.2.0/../../../../arm-none-eabi/lib/thumb/v7e-m+fp/hard\libc_nano.a
LOAD c:/nxp/s32ds.3.5/s32ds/build_tools/gcc_v10.2/gcc-10.2-arm32-eabi/bin/../lib/gcc/arm-none-eabi/10.2.0/../../../../arm-none-eabi/lib/thumb/v7e-m+fp/hard\libnosys.a
END GROUP
START GROUP
LOAD c:/nxp/s32ds.3.5/s32ds/build_tools/gcc_v10.2/gcc-10.2-arm32-eabi/bin/../lib/gcc/arm-none-eabi/10.2.0/thumb/v7e-m+fp/hard\libgcc.a
LOAD c:/nxp/s32ds.3.5/s32ds/build_tools/gcc_v10.2/gcc-10.2-arm32-eabi/bin/../lib/gcc/arm-none-eabi/10.2.0/../../../../arm-none-eabi/lib/thumb/v7e-m+fp/hard\libc_nano.a
LOAD c:/nxp/s32ds.3.5/s32ds/build_tools/gcc_v10.2/gcc-10.2-arm32-eabi/bin/../lib/gcc/arm-none-eabi/10.2.0/../../../../arm-none-eabi/lib/thumb/v7e-m+fp/hard\libnosys.a
END GROUP
                0x00002000                HEAP_SIZE = DEFINED (__heap_size__)?__heap_size__:0x2000
                0x2040ffff                __STANDBY_RAM_LIMIT_END = 0x2040ffff

.pflash         0x00400000    0x1972c
 *(.boot_header)
 .boot_header   0x00400000       0x30 out/startup_cm7.o
                0x00402000                . = ALIGN (0x2000)
 *fill*         0x00400030     0x1fd0 
                0x00402000                __text_start = .
                0x00402000                __interrupts_init_start = .
 *(.intc_vector)
 .intc_vector   0x00402000      0x408 out/Vector_Table.o
                0x00402000                VTABLE
                0x00402408                . = ALIGN (0x4)
                0x00402408                __interrupts_init_end = .
 *(.core_loop)
 .core_loop     0x00402408        0xc out/startup_cm7.o
                0x00402408                _core_loop
                0x00402414                . = ALIGN (0x4)
 *(.startup)
 *fill*         0x00402414        0xc 
 .startup       0x00402420      0x1d8 out/startup_cm7.o
                0x00402420                Reset_Handler
                0x00402420                _start
                0x00402580                MCAL_LTB_TRACE_OFF
                0x00402582                _end_of_eunit_test
                0x004025f8                . = ALIGN (0x4)
 *(.systeminit)
                0x004025f8                . = ALIGN (0x4)
 *(.text.startup)
 .text.startup  0x004025f8      0x4d8 out/main.o
                0x004025f8                main
                0x00402ad0                . = ALIGN (0x4)
 *(.text)
 .text          0x00402ad0        0x2 out/CryIf.o
                0x00402ad0                CryIf_CallbackNotification
 .text          0x00402ad2        0x0 out/Crypto_43_HSE.o
 .text          0x00402ad2        0x0 out/Crypto_43_HSE_ASRExtension.o
 .text          0x00402ad2        0x0 out/Crypto_43_HSE_Cfg.o
 .text          0x00402ad2        0x0 out/Crypto_43_HSE_Ipw.o
 .text          0x00402ad2        0x0 out/Crypto_43_HSE_Util.o
 .text          0x00402ad2        0x0 out/Det.o
 .text          0x00402ad2        0x0 out/Det_stub.o
 .text          0x00402ad2        0x0 out/Hse_Ip.o
 .text          0x00402ad2        0x0 out/Hse_Ip_Cfg.o
 .text          0x00402ad2        0x0 out/Mu_Ip_Irq.o
 .text          0x00402ad2        0x0 out/OsIf_Cfg.o
 .text          0x00402ad2        0x0 out/OsIf_Interrupts.o
 .text          0x00402ad2        0x0 out/OsIf_Timer.o
 .text          0x00402ad2        0x0 out/OsIf_Timer_System.o
 .text          0x00402ad2        0x0 out/OsIf_Timer_System_Internal_Systick.o
 .text          0x00402ad2        0x6 out/SchM_Adc.o
                0x00402ad2                Adc_schm_read_msr
 .text          0x00402ad8        0x6 out/SchM_Ae.o
                0x00402ad8                Ae_schm_read_msr
 .text          0x00402ade        0x6 out/SchM_Can.o
                0x00402ade                Can_schm_read_msr
 .text          0x00402ae4        0x6 out/SchM_CanTrcv_43_AE.o
                0x00402ae4                CanTrcv_43_AE_schm_read_msr
 .text          0x00402aea        0x6 out/SchM_CanTrcv_43_fs23.o
                0x00402aea                CanTrcv_43_fs23_schm_read_msr
 .text          0x00402af0        0x6 out/SchM_CanTrcv_43_fs65.o
                0x00402af0                CanTrcv_43_fs65_schm_read_msr
 .text          0x00402af6        0x6 out/SchM_CanTrcv_nxp_genIO.o
                0x00402af6                CanTrcv_nxp_genIO_schm_read_msr
 .text          0x00402afc        0x6 out/SchM_CanTrcv_nxp_genIO_secure.o
                0x00402afc                CanTrcv_nxp_genIO_secure_schm_read_msr
 .text          0x00402b02        0x6 out/SchM_Can_43_FLEXCAN.o
                0x00402b02                Can_43_FLEXCAN_schm_read_msr
 .text          0x00402b08        0x6 out/SchM_Crc.o
                0x00402b08                Crc_schm_read_msr
 .text          0x00402b0e        0x6 out/SchM_Crypto.o
                0x00402b0e                Crypto_schm_read_msr
 .text          0x00402b14        0x6 out/SchM_Crypto_43_ACE.o
                0x00402b14                Crypto_43_ACE_schm_read_msr
 .text          0x00402b1a        0x6 out/SchM_Crypto_43_HSE.o
                0x00402b1a                Crypto_43_HSE_schm_read_msr
 .text          0x00402b20        0x6 out/SchM_Dio.o
                0x00402b20                Dio_schm_read_msr
 .text          0x00402b26        0x6 out/SchM_Dpga.o
                0x00402b26                Dpga_schm_read_msr
 .text          0x00402b2c        0x6 out/SchM_Eep.o
                0x00402b2c                Eep_schm_read_msr
 .text          0x00402b32        0x6 out/SchM_Eth.o
                0x00402b32                Eth_schm_read_msr
 .text          0x00402b38        0x6 out/SchM_EthSwt_43_SJA11XX.o
                0x00402b38                EthSwt_43_SJA11XX_schm_read_msr
 .text          0x00402b3e        0x6 out/SchM_EthTrcv_43_PHY.o
                0x00402b3e                EthTrcv_43_PHY_schm_read_msr
 .text          0x00402b44        0x6 out/SchM_Eth_43_GMAC.o
                0x00402b44                Eth_43_GMAC_schm_read_msr
 .text          0x00402b4a        0x6 out/SchM_Etpu.o
                0x00402b4a                Etpu_schm_read_msr
 .text          0x00402b50        0x6 out/SchM_Fee.o
                0x00402b50                Fee_schm_read_msr
 .text          0x00402b56        0x6 out/SchM_Fls.o
                0x00402b56                Fls_schm_read_msr
 .text          0x00402b5c        0x6 out/SchM_Gd3162.o
                0x00402b5c                Gd3162_schm_read_msr
 .text          0x00402b62        0x6 out/SchM_Gdu.o
                0x00402b62                Gdu_schm_read_msr
 .text          0x00402b68        0x6 out/SchM_Gpt.o
                0x00402b68                Gpt_schm_read_msr
 .text          0x00402b6e        0x6 out/SchM_I2c.o
                0x00402b6e                I2c_schm_read_msr
 .text          0x00402b74        0x6 out/SchM_I2s.o
                0x00402b74                I2s_schm_read_msr
 .text          0x00402b7a        0x6 out/SchM_Icu.o
                0x00402b7a                Icu_schm_read_msr
 .text          0x00402b80        0x6 out/SchM_Ipcf.o
                0x00402b80                Ipcf_schm_read_msr
 .text          0x00402b86        0x6 out/SchM_Iseled.o
                0x00402b86                Iseled_schm_read_msr
 .text          0x00402b8c        0x6 out/SchM_LinTrcv_43_fs23.o
                0x00402b8c                LinTrcv_43_fs23_schm_read_msr
 .text          0x00402b92        0x6 out/SchM_LinTrcv_43_fs65.o
                0x00402b92                LinTrcv_43_fs65_schm_read_msr
 .text          0x00402b98        0x6 out/SchM_Lin_43_LPUART_FLEXIO.o
                0x00402b98                Lin_schm_read_msr
 .text          0x00402b9e        0x6 out/SchM_Mc12xs6.o
                0x00402b9e                Mc12xs6_schm_read_msr
 .text          0x00402ba4        0x6 out/SchM_Mcl.o
                0x00402ba4                Mcl_schm_read_msr
 .text          0x00402baa        0x6 out/SchM_Mcu.o
                0x00402baa                Mcu_schm_read_msr
 .text          0x00402bb0        0x6 out/SchM_MemAcc.o
                0x00402bb0                MemAcc_schm_read_msr
 .text          0x00402bb6        0x6 out/SchM_Mem_43_EEP.o
                0x00402bb6                Mem_43_Eep_schm_read_msr
 .text          0x00402bbc        0x6 out/SchM_Mem_43_EXFLS.o
                0x00402bbc                Mem_43_EXFLS_schm_read_msr
 .text          0x00402bc2        0x6 out/SchM_Mem_43_INFLS.o
                0x00402bc2                Mem_43_INFLS_schm_read_msr
 .text          0x00402bc8        0x6 out/SchM_Motor_control.o
                0x00402bc8                Motor_Control_schm_read_msr
 .text          0x00402bce        0x6 out/SchM_NvM.o
                0x00402bce                Nvm_schm_read_msr
 .text          0x00402bd4        0x6 out/SchM_Ocotp.o
                0x00402bd4                Ocotp_schm_read_msr
 .text          0x00402bda        0x6 out/SchM_Ocu.o
                0x00402bda                Ocu_schm_read_msr
 .text          0x00402be0        0x6 out/SchM_Platform.o
                0x00402be0                Platform_schm_read_msr
 .text          0x00402be6        0x6 out/SchM_Port.o
                0x00402be6                Port_schm_read_msr
 .text          0x00402bec        0x6 out/SchM_Pwm.o
                0x00402bec                Pwm_schm_read_msr
 .text          0x00402bf2        0x6 out/SchM_Pwm_Etpu.o
                0x00402bf2                Pwm_etpu_schm_read_msr
 .text          0x00402bf8        0x6 out/SchM_Rdc_checker.o
                0x00402bf8                Rdc_checker_schm_read_msr
 .text          0x00402bfe        0x6 out/SchM_Rm.o
                0x00402bfe                Rm_schm_read_msr
 .text          0x00402c04        0x6 out/SchM_Sbc_fs23.o
                0x00402c04                Sbc_fs23_schm_read_msr
 .text          0x00402c0a        0x6 out/SchM_Sbc_fs26.o
                0x00402c0a                Sbc_fs26_schm_read_msr
 .text          0x00402c10        0x6 out/SchM_Sbc_fs65.o
                0x00402c10                Sbc_fs65_schm_read_msr
 .text          0x00402c16        0x6 out/SchM_Sent.o
                0x00402c16                Sent_schm_read_msr
 .text          0x00402c1c        0x6 out/SchM_Spi.o
                0x00402c1c                Spi_schm_read_msr
 .text          0x00402c22        0x6 out/SchM_Uart.o
                0x00402c22                Uart_schm_read_msr
 .text          0x00402c28        0x6 out/SchM_Wdg.o
                0x00402c28                Wdg_schm_read_msr
 .text          0x00402c2e        0x6 out/SchM_Wdg_43_fs23.o
                0x00402c2e                Wdg_43_fs23_schm_read_msr
 .text          0x00402c34        0x6 out/SchM_Wdg_43_fs26.o
                0x00402c34                Wdg_43_fs26_schm_read_msr
 .text          0x00402c3a        0x6 out/SchM_Wdg_43_fs65.o
                0x00402c3a                Wdg_43_fs65_schm_read_msr
 .text          0x00402c40        0x6 out/SchM_Zipwire.o
                0x00402c40                Zipwire_schm_read_msr
 .text          0x00402c46        0x0 out/Vector_Table.o
 .text          0x00402c46        0x0 out/exceptions.o
 .text          0x00402c46       0x20 out/main.o
 .text          0x00402c66        0x0 out/nvic.o
 .text          0x00402c66        0x0 out/startup.o
 .text          0x00402c66        0x0 out/startup_cm7.o
 .text          0x00402c66        0x0 out/sys_init.o
 *fill*         0x00402c66        0x2 
 .text          0x00402c68       0x10 out/system.o
                0x00402c68                Sys_GetCoreID
 .text          0x00402c78        0x0 c:/nxp/s32ds.3.5/s32ds/build_tools/gcc_v10.2/gcc-10.2-arm32-eabi/bin/../lib/gcc/arm-none-eabi/10.2.0/../../../../arm-none-eabi/lib/thumb/v7e-m+fp/hard\libg_nano.a(lib_a-memset.o)
 *(.text*)
 .text.memset   0x00402c78       0x10 c:/nxp/s32ds.3.5/s32ds/build_tools/gcc_v10.2/gcc-10.2-arm32-eabi/bin/../lib/gcc/arm-none-eabi/10.2.0/../../../../arm-none-eabi/lib/thumb/v7e-m+fp/hard\libg_nano.a(lib_a-memset.o)
                0x00402c78                memset
                0x00402c88                . = ALIGN (0x4)
 *(.mcal_text)
 .mcal_text     0x00402c88      0xdac out/Crypto_43_HSE.o
                0x00402e38                Crypto_43_HSE_Init
                0x00402e6c                Crypto_43_HSE_GetVersionInfo
                0x00402e8c                Crypto_43_HSE_MainFunction
                0x00402ea0                Crypto_43_HSE_CheckValidCoreAndDrvInitForNonCdoApis
                0x00402ec0                Crypto_43_HSE_KeyGetStatus
                0x00402f20                Crypto_43_HSE_KeySetValid
                0x00402f64                Crypto_43_HSE_KeySetInvalid
                0x00402f94                Crypto_43_HSE_KeyElementIdsGet
                0x00402ffc                Crypto_43_HSE_ReportErrorToDet
                0x00403030                Crypto_43_HSE_ProcessJob
                0x00403280                Crypto_43_HSE_CancelJob
                0x004032bc                Crypto_43_HSE_KeyElementSet
                0x004033c8                Crypto_43_HSE_KeyElementGet
                0x00403480                Crypto_43_HSE_KeyElementCopy
                0x004035a0                Crypto_43_HSE_KeyElementCopyPartial
                0x004036c4                Crypto_43_HSE_KeyCopy
                0x00403888                Crypto_43_HSE_RandomSeed
                0x004038e2                Crypto_43_HSE_KeyGenerate
                0x00403924                Crypto_43_HSE_KeyDerive
                0x0040396e                Crypto_43_HSE_KeyExchangeCalcPubVal
                0x004039de                Crypto_43_HSE_KeyExchangeCalcSecret
 .mcal_text     0x00403a34      0x186 out/Crypto_43_HSE_ASRExtension.o
                0x00403a34                Crypto_43_HSE_Exts_FormatKeyCatalogs
                0x00403a58                Crypto_43_HSE_Exts_SetSynchronousRequestsTimeout
                0x00403a74                Crypto_43_HSE_Exts_SHE_BootFailure
                0x00403a90                Crypto_43_HSE_Exts_SHE_BootOk
                0x00403aac                Crypto_43_HSE_Exts_SHE_GetStatus
                0x00403ada                Crypto_43_HSE_Exts_SHE_GetId
                0x00403b1a                Crypto_43_HSE_Exts_SHE_DebugChal
                0x00403b48                Crypto_43_HSE_Exts_SHE_DebugAuth
                0x00403b76                Crypto_43_HSE_Exts_MPCompression
 *fill*         0x00403bba        0x2 
 .mcal_text     0x00403bbc     0x2798 out/Crypto_43_HSE_Ipw.o
                0x00405380                Crypto_43_HSE_Ipw_Init
                0x00405414                Crypto_43_HSE_Ipw_ProcessJob
                0x00405484                Crypto_43_HSE_Ipw_CancelJob
                0x004054fc                Crypto_43_HSE_Ipw_ImportKey
                0x00405aa6                Crypto_43_HSE_Ipw_ExportKey
                0x00405d78                Crypto_43_HSE_Ipw_KeyDeriveExtract
                0x00405e20                Crypto_43_HSE_Ipw_RandomSeed
                0x00405e24                Crypto_43_HSE_Ipw_KeyGenerate
                0x00405e88                Crypto_43_HSE_Ipw_KeyDerive
                0x00405ef8                Crypto_43_HSE_Ipw_CalcSecret
                0x00405f3c                Crypto_43_HSE_Ipw_MainFunction
                0x00405f4c                Crypto_43_HSE_Ipw_FormatKeyCatalogs
                0x00405fb0                Crypto_43_HSE_Ipw_SetSynchronousRequestsTimeout
                0x00405fc8                Crypto_43_HSE_Ipw_SheSetBootStatus
                0x00406020                Crypto_43_HSE_Ipw_SheGetStatus
                0x00406038                Crypto_43_HSE_Ipw_SheGetId
                0x004060b0                Crypto_43_HSE_Ipw_SheDebugChal
                0x0040611c                Crypto_43_HSE_Ipw_SheDebugAuth
                0x004061b4                Crypto_43_HSE_Ipw_SheMPCompression
                0x0040623c                Crypto_43_HSE_Ipw_CheckKey
 .mcal_text     0x00406354      0x218 out/Crypto_43_HSE_Util.o
                0x00406354                Crypto_43_HSE_Util_MemCmp
                0x00406374                Crypto_43_HSE_Util_SwapArrayBytes
                0x0040639a                Crypto_43_HSE_Util_Memset
                0x004063a2                Crypto_43_HSE_Util_MemCpy8
                0x004063ba                Crypto_43_HSE_Util_InitJobQueues
                0x004063f8                Crypto_43_HSE_Util_QueueJob
                0x0040646c                Crypto_43_HSE_Util_DequeueHeadJob
                0x004064a4                Crypto_43_HSE_Util_DequeueJob
                0x00406504                Crypto_43_HSE_Util_GetKeyElementIdx
                0x0040653c                Crypto_43_HSE_Util_UpdateInputOutput
 .mcal_text     0x0040656c       0xa4 out/Det.o
                0x0040656c                Det_Init
                0x0040656e                Det_ReportError
                0x004065a4                Det_ReportRuntimeError
                0x004065d8                Det_ReportTransientFault
                0x0040660c                Det_Start
 .mcal_text     0x00406610      0x21c out/Det_stub.o
                0x00406610                Det_TestLastReportError
                0x00406678                Det_TestLastReportRuntimeError
                0x004066e0                Det_TestLastReportTransientFault
                0x00406748                Det_TestNoError
                0x00406794                Det_TestNoRuntimeError
                0x004067e0                Det_TestNoTransientFault
 .mcal_text     0x0040682c      0x35c out/Hse_Ip.o
                0x0040686c                Hse_Ip_Init
                0x004068a4                Hse_Ip_Deinit
                0x004068b4                Hse_Ip_GetFreeChannel
                0x00406920                Hse_Ip_ReleaseChannel
                0x004069ac                Hse_Ip_ToAHBAddress
                0x004069e4                Hse_Ip_ServiceRequest
                0x00406aa0                Hse_Ip_MainFunction
                0x00406aa4                Hse_Ip_GetHseStatus
                0x00406ab8                Hse_Ip_RegisterGenericCallback
                0x00406ad4                Hse_Ip_RxIrqHandler
                0x00406b44                Hse_Ip_GeneralPurposeIrqHandler
 .mcal_text     0x00406b88       0x18 out/Mu_Ip_Irq.o
                0x00406b88                Mu_Ip_Mu0_OredRx_Isr
                0x00406b8e                Mu_Ip_Mu0_OredGP_Isr
                0x00406b94                Mu_Ip_Mu1_OredRx_Isr
                0x00406b9a                Mu_Ip_Mu1_OredGP_Isr
 .mcal_text     0x00406ba0       0x18 out/OsIf_Timer.o
                0x00406ba0                OsIf_Init
                0x00406ba2                OsIf_GetCounter
                0x00406ba6                OsIf_GetElapsed
                0x00406bae                OsIf_SetTimerFrequency
                0x00406bb0                OsIf_MicrosToTicks
 .mcal_text     0x00406bb8       0x44 out/OsIf_Timer_System_Internal_Systick.o
                0x00406bb8                OsIf_Timer_System_Internal_Init
                0x00406bce                OsIf_Timer_System_Internal_GetCounter
                0x00406bda                OsIf_Timer_System_Internal_GetElapsed
 .mcal_text     0x00406bfc     0x2648 out/SchM_Adc.o
                0x00406bfc                SchM_Enter_Adc_ADC_EXCLUSIVE_AREA_00
                0x00406c30                SchM_Exit_Adc_ADC_EXCLUSIVE_AREA_00
                0x00406c60                SchM_Enter_Adc_ADC_EXCLUSIVE_AREA_01
                0x00406c94                SchM_Exit_Adc_ADC_EXCLUSIVE_AREA_01
                0x00406cc4                SchM_Enter_Adc_ADC_EXCLUSIVE_AREA_02
                0x00406cf8                SchM_Exit_Adc_ADC_EXCLUSIVE_AREA_02
                0x00406d28                SchM_Enter_Adc_ADC_EXCLUSIVE_AREA_03
                0x00406d5c                SchM_Exit_Adc_ADC_EXCLUSIVE_AREA_03
                0x00406d8c                SchM_Enter_Adc_ADC_EXCLUSIVE_AREA_04
                0x00406dc0                SchM_Exit_Adc_ADC_EXCLUSIVE_AREA_04
                0x00406df0                SchM_Enter_Adc_ADC_EXCLUSIVE_AREA_05
                0x00406e24                SchM_Exit_Adc_ADC_EXCLUSIVE_AREA_05
                0x00406e54                SchM_Enter_Adc_ADC_EXCLUSIVE_AREA_10
                0x00406e88                SchM_Exit_Adc_ADC_EXCLUSIVE_AREA_10
                0x00406eb8                SchM_Enter_Adc_ADC_EXCLUSIVE_AREA_100
                0x00406eec                SchM_Exit_Adc_ADC_EXCLUSIVE_AREA_100
                0x00406f1c                SchM_Enter_Adc_ADC_EXCLUSIVE_AREA_101
                0x00406f50                SchM_Exit_Adc_ADC_EXCLUSIVE_AREA_101
                0x00406f80                SchM_Enter_Adc_ADC_EXCLUSIVE_AREA_102
                0x00406fb4                SchM_Exit_Adc_ADC_EXCLUSIVE_AREA_102
                0x00406fe4                SchM_Enter_Adc_ADC_EXCLUSIVE_AREA_103
                0x00407018                SchM_Exit_Adc_ADC_EXCLUSIVE_AREA_103
                0x00407048                SchM_Enter_Adc_ADC_EXCLUSIVE_AREA_11
                0x0040707c                SchM_Exit_Adc_ADC_EXCLUSIVE_AREA_11
                0x004070ac                SchM_Enter_Adc_ADC_EXCLUSIVE_AREA_12
                0x004070e0                SchM_Exit_Adc_ADC_EXCLUSIVE_AREA_12
                0x00407110                SchM_Enter_Adc_ADC_EXCLUSIVE_AREA_13
                0x00407144                SchM_Exit_Adc_ADC_EXCLUSIVE_AREA_13
                0x00407174                SchM_Enter_Adc_ADC_EXCLUSIVE_AREA_14
                0x004071a8                SchM_Exit_Adc_ADC_EXCLUSIVE_AREA_14
                0x004071d8                SchM_Enter_Adc_ADC_EXCLUSIVE_AREA_15
                0x0040720c                SchM_Exit_Adc_ADC_EXCLUSIVE_AREA_15
                0x0040723c                SchM_Enter_Adc_ADC_EXCLUSIVE_AREA_16
                0x00407270                SchM_Exit_Adc_ADC_EXCLUSIVE_AREA_16
                0x004072a0                SchM_Enter_Adc_ADC_EXCLUSIVE_AREA_17
                0x004072d4                SchM_Exit_Adc_ADC_EXCLUSIVE_AREA_17
                0x00407304                SchM_Enter_Adc_ADC_EXCLUSIVE_AREA_18
                0x00407338                SchM_Exit_Adc_ADC_EXCLUSIVE_AREA_18
                0x00407368                SchM_Enter_Adc_ADC_EXCLUSIVE_AREA_19
                0x0040739c                SchM_Exit_Adc_ADC_EXCLUSIVE_AREA_19
                0x004073cc                SchM_Enter_Adc_ADC_EXCLUSIVE_AREA_20
                0x00407400                SchM_Exit_Adc_ADC_EXCLUSIVE_AREA_20
                0x00407430                SchM_Enter_Adc_ADC_EXCLUSIVE_AREA_21
                0x00407464                SchM_Exit_Adc_ADC_EXCLUSIVE_AREA_21
                0x00407494                SchM_Enter_Adc_ADC_EXCLUSIVE_AREA_22
                0x004074c8                SchM_Exit_Adc_ADC_EXCLUSIVE_AREA_22
                0x004074f8                SchM_Enter_Adc_ADC_EXCLUSIVE_AREA_23
                0x0040752c                SchM_Exit_Adc_ADC_EXCLUSIVE_AREA_23
                0x0040755c                SchM_Enter_Adc_ADC_EXCLUSIVE_AREA_24
                0x00407590                SchM_Exit_Adc_ADC_EXCLUSIVE_AREA_24
                0x004075c0                SchM_Enter_Adc_ADC_EXCLUSIVE_AREA_25
                0x004075f4                SchM_Exit_Adc_ADC_EXCLUSIVE_AREA_25
                0x00407624                SchM_Enter_Adc_ADC_EXCLUSIVE_AREA_26
                0x00407658                SchM_Exit_Adc_ADC_EXCLUSIVE_AREA_26
                0x00407688                SchM_Enter_Adc_ADC_EXCLUSIVE_AREA_27
                0x004076bc                SchM_Exit_Adc_ADC_EXCLUSIVE_AREA_27
                0x004076ec                SchM_Enter_Adc_ADC_EXCLUSIVE_AREA_28
                0x00407720                SchM_Exit_Adc_ADC_EXCLUSIVE_AREA_28
                0x00407750                SchM_Enter_Adc_ADC_EXCLUSIVE_AREA_29
                0x00407784                SchM_Exit_Adc_ADC_EXCLUSIVE_AREA_29
                0x004077b4                SchM_Enter_Adc_ADC_EXCLUSIVE_AREA_30
                0x004077e8                SchM_Exit_Adc_ADC_EXCLUSIVE_AREA_30
                0x00407818                SchM_Enter_Adc_ADC_EXCLUSIVE_AREA_31
                0x0040784c                SchM_Exit_Adc_ADC_EXCLUSIVE_AREA_31
                0x0040787c                SchM_Enter_Adc_ADC_EXCLUSIVE_AREA_32
                0x004078b0                SchM_Exit_Adc_ADC_EXCLUSIVE_AREA_32
                0x004078e0                SchM_Enter_Adc_ADC_EXCLUSIVE_AREA_33
                0x00407914                SchM_Exit_Adc_ADC_EXCLUSIVE_AREA_33
                0x00407944                SchM_Enter_Adc_ADC_EXCLUSIVE_AREA_34
                0x00407978                SchM_Exit_Adc_ADC_EXCLUSIVE_AREA_34
                0x004079a8                SchM_Enter_Adc_ADC_EXCLUSIVE_AREA_35
                0x004079dc                SchM_Exit_Adc_ADC_EXCLUSIVE_AREA_35
                0x00407a0c                SchM_Enter_Adc_ADC_EXCLUSIVE_AREA_36
                0x00407a40                SchM_Exit_Adc_ADC_EXCLUSIVE_AREA_36
                0x00407a70                SchM_Enter_Adc_ADC_EXCLUSIVE_AREA_37
                0x00407aa4                SchM_Exit_Adc_ADC_EXCLUSIVE_AREA_37
                0x00407ad4                SchM_Enter_Adc_ADC_EXCLUSIVE_AREA_38
                0x00407b08                SchM_Exit_Adc_ADC_EXCLUSIVE_AREA_38
                0x00407b38                SchM_Enter_Adc_ADC_EXCLUSIVE_AREA_39
                0x00407b6c                SchM_Exit_Adc_ADC_EXCLUSIVE_AREA_39
                0x00407b9c                SchM_Enter_Adc_ADC_EXCLUSIVE_AREA_40
                0x00407bd0                SchM_Exit_Adc_ADC_EXCLUSIVE_AREA_40
                0x00407c00                SchM_Enter_Adc_ADC_EXCLUSIVE_AREA_41
                0x00407c34                SchM_Exit_Adc_ADC_EXCLUSIVE_AREA_41
                0x00407c64                SchM_Enter_Adc_ADC_EXCLUSIVE_AREA_42
                0x00407c98                SchM_Exit_Adc_ADC_EXCLUSIVE_AREA_42
                0x00407cc8                SchM_Enter_Adc_ADC_EXCLUSIVE_AREA_43
                0x00407cfc                SchM_Exit_Adc_ADC_EXCLUSIVE_AREA_43
                0x00407d2c                SchM_Enter_Adc_ADC_EXCLUSIVE_AREA_44
                0x00407d60                SchM_Exit_Adc_ADC_EXCLUSIVE_AREA_44
                0x00407d90                SchM_Enter_Adc_ADC_EXCLUSIVE_AREA_45
                0x00407dc4                SchM_Exit_Adc_ADC_EXCLUSIVE_AREA_45
                0x00407df4                SchM_Enter_Adc_ADC_EXCLUSIVE_AREA_46
                0x00407e28                SchM_Exit_Adc_ADC_EXCLUSIVE_AREA_46
                0x00407e58                SchM_Enter_Adc_ADC_EXCLUSIVE_AREA_47
                0x00407e8c                SchM_Exit_Adc_ADC_EXCLUSIVE_AREA_47
                0x00407ebc                SchM_Enter_Adc_ADC_EXCLUSIVE_AREA_48
                0x00407ef0                SchM_Exit_Adc_ADC_EXCLUSIVE_AREA_48
                0x00407f20                SchM_Enter_Adc_ADC_EXCLUSIVE_AREA_49
                0x00407f54                SchM_Exit_Adc_ADC_EXCLUSIVE_AREA_49
                0x00407f84                SchM_Enter_Adc_ADC_EXCLUSIVE_AREA_50
                0x00407fb8                SchM_Exit_Adc_ADC_EXCLUSIVE_AREA_50
                0x00407fe8                SchM_Enter_Adc_ADC_EXCLUSIVE_AREA_51
                0x0040801c                SchM_Exit_Adc_ADC_EXCLUSIVE_AREA_51
                0x0040804c                SchM_Enter_Adc_ADC_EXCLUSIVE_AREA_54
                0x00408080                SchM_Exit_Adc_ADC_EXCLUSIVE_AREA_54
                0x004080b0                SchM_Enter_Adc_ADC_EXCLUSIVE_AREA_55
                0x004080e4                SchM_Exit_Adc_ADC_EXCLUSIVE_AREA_55
                0x00408114                SchM_Enter_Adc_ADC_EXCLUSIVE_AREA_56
                0x00408148                SchM_Exit_Adc_ADC_EXCLUSIVE_AREA_56
                0x00408178                SchM_Enter_Adc_ADC_EXCLUSIVE_AREA_57
                0x004081ac                SchM_Exit_Adc_ADC_EXCLUSIVE_AREA_57
                0x004081dc                SchM_Enter_Adc_ADC_EXCLUSIVE_AREA_58
                0x00408210                SchM_Exit_Adc_ADC_EXCLUSIVE_AREA_58
                0x00408240                SchM_Enter_Adc_ADC_EXCLUSIVE_AREA_59
                0x00408274                SchM_Exit_Adc_ADC_EXCLUSIVE_AREA_59
                0x004082a4                SchM_Enter_Adc_ADC_EXCLUSIVE_AREA_60
                0x004082d8                SchM_Exit_Adc_ADC_EXCLUSIVE_AREA_60
                0x00408308                SchM_Enter_Adc_ADC_EXCLUSIVE_AREA_61
                0x0040833c                SchM_Exit_Adc_ADC_EXCLUSIVE_AREA_61
                0x0040836c                SchM_Enter_Adc_ADC_EXCLUSIVE_AREA_62
                0x004083a0                SchM_Exit_Adc_ADC_EXCLUSIVE_AREA_62
                0x004083d0                SchM_Enter_Adc_ADC_EXCLUSIVE_AREA_63
                0x00408404                SchM_Exit_Adc_ADC_EXCLUSIVE_AREA_63
                0x00408434                SchM_Enter_Adc_ADC_EXCLUSIVE_AREA_64
                0x00408468                SchM_Exit_Adc_ADC_EXCLUSIVE_AREA_64
                0x00408498                SchM_Enter_Adc_ADC_EXCLUSIVE_AREA_65
                0x004084cc                SchM_Exit_Adc_ADC_EXCLUSIVE_AREA_65
                0x004084fc                SchM_Enter_Adc_ADC_EXCLUSIVE_AREA_66
                0x00408530                SchM_Exit_Adc_ADC_EXCLUSIVE_AREA_66
                0x00408560                SchM_Enter_Adc_ADC_EXCLUSIVE_AREA_67
                0x00408594                SchM_Exit_Adc_ADC_EXCLUSIVE_AREA_67
                0x004085c4                SchM_Enter_Adc_ADC_EXCLUSIVE_AREA_68
                0x004085f8                SchM_Exit_Adc_ADC_EXCLUSIVE_AREA_68
                0x00408628                SchM_Enter_Adc_ADC_EXCLUSIVE_AREA_69
                0x0040865c                SchM_Exit_Adc_ADC_EXCLUSIVE_AREA_69
                0x0040868c                SchM_Enter_Adc_ADC_EXCLUSIVE_AREA_70
                0x004086c0                SchM_Exit_Adc_ADC_EXCLUSIVE_AREA_70
                0x004086f0                SchM_Enter_Adc_ADC_EXCLUSIVE_AREA_71
                0x00408724                SchM_Exit_Adc_ADC_EXCLUSIVE_AREA_71
                0x00408754                SchM_Enter_Adc_ADC_EXCLUSIVE_AREA_72
                0x00408788                SchM_Exit_Adc_ADC_EXCLUSIVE_AREA_72
                0x004087b8                SchM_Enter_Adc_ADC_EXCLUSIVE_AREA_73
                0x004087ec                SchM_Exit_Adc_ADC_EXCLUSIVE_AREA_73
                0x0040881c                SchM_Enter_Adc_ADC_EXCLUSIVE_AREA_74
                0x00408850                SchM_Exit_Adc_ADC_EXCLUSIVE_AREA_74
                0x00408880                SchM_Enter_Adc_ADC_EXCLUSIVE_AREA_75
                0x004088b4                SchM_Exit_Adc_ADC_EXCLUSIVE_AREA_75
                0x004088e4                SchM_Enter_Adc_ADC_EXCLUSIVE_AREA_76
                0x00408918                SchM_Exit_Adc_ADC_EXCLUSIVE_AREA_76
                0x00408948                SchM_Enter_Adc_ADC_EXCLUSIVE_AREA_77
                0x0040897c                SchM_Exit_Adc_ADC_EXCLUSIVE_AREA_77
                0x004089ac                SchM_Enter_Adc_ADC_EXCLUSIVE_AREA_78
                0x004089e0                SchM_Exit_Adc_ADC_EXCLUSIVE_AREA_78
                0x00408a10                SchM_Enter_Adc_ADC_EXCLUSIVE_AREA_79
                0x00408a44                SchM_Exit_Adc_ADC_EXCLUSIVE_AREA_79
                0x00408a74                SchM_Enter_Adc_ADC_EXCLUSIVE_AREA_80
                0x00408aa8                SchM_Exit_Adc_ADC_EXCLUSIVE_AREA_80
                0x00408ad8                SchM_Enter_Adc_ADC_EXCLUSIVE_AREA_81
                0x00408b0c                SchM_Exit_Adc_ADC_EXCLUSIVE_AREA_81
                0x00408b3c                SchM_Enter_Adc_ADC_EXCLUSIVE_AREA_82
                0x00408b70                SchM_Exit_Adc_ADC_EXCLUSIVE_AREA_82
                0x00408ba0                SchM_Enter_Adc_ADC_EXCLUSIVE_AREA_83
                0x00408bd4                SchM_Exit_Adc_ADC_EXCLUSIVE_AREA_83
                0x00408c04                SchM_Enter_Adc_ADC_EXCLUSIVE_AREA_84
                0x00408c38                SchM_Exit_Adc_ADC_EXCLUSIVE_AREA_84
                0x00408c68                SchM_Enter_Adc_ADC_EXCLUSIVE_AREA_85
                0x00408c9c                SchM_Exit_Adc_ADC_EXCLUSIVE_AREA_85
                0x00408ccc                SchM_Enter_Adc_ADC_EXCLUSIVE_AREA_86
                0x00408d00                SchM_Exit_Adc_ADC_EXCLUSIVE_AREA_86
                0x00408d30                SchM_Enter_Adc_ADC_EXCLUSIVE_AREA_87
                0x00408d64                SchM_Exit_Adc_ADC_EXCLUSIVE_AREA_87
                0x00408d94                SchM_Enter_Adc_ADC_EXCLUSIVE_AREA_88
                0x00408dc8                SchM_Exit_Adc_ADC_EXCLUSIVE_AREA_88
                0x00408df8                SchM_Enter_Adc_ADC_EXCLUSIVE_AREA_89
                0x00408e2c                SchM_Exit_Adc_ADC_EXCLUSIVE_AREA_89
                0x00408e5c                SchM_Enter_Adc_ADC_EXCLUSIVE_AREA_90
                0x00408e90                SchM_Exit_Adc_ADC_EXCLUSIVE_AREA_90
                0x00408ec0                SchM_Enter_Adc_ADC_EXCLUSIVE_AREA_91
                0x00408ef4                SchM_Exit_Adc_ADC_EXCLUSIVE_AREA_91
                0x00408f24                SchM_Enter_Adc_ADC_EXCLUSIVE_AREA_92
                0x00408f58                SchM_Exit_Adc_ADC_EXCLUSIVE_AREA_92
                0x00408f88                SchM_Enter_Adc_ADC_EXCLUSIVE_AREA_93
                0x00408fbc                SchM_Exit_Adc_ADC_EXCLUSIVE_AREA_93
                0x00408fec                SchM_Enter_Adc_ADC_EXCLUSIVE_AREA_94
                0x00409020                SchM_Exit_Adc_ADC_EXCLUSIVE_AREA_94
                0x00409050                SchM_Enter_Adc_ADC_EXCLUSIVE_AREA_95
                0x00409084                SchM_Exit_Adc_ADC_EXCLUSIVE_AREA_95
                0x004090b4                SchM_Enter_Adc_ADC_EXCLUSIVE_AREA_96
                0x004090e8                SchM_Exit_Adc_ADC_EXCLUSIVE_AREA_96
                0x00409118                SchM_Enter_Adc_ADC_EXCLUSIVE_AREA_97
                0x0040914c                SchM_Exit_Adc_ADC_EXCLUSIVE_AREA_97
                0x0040917c                SchM_Enter_Adc_ADC_EXCLUSIVE_AREA_98
                0x004091b0                SchM_Exit_Adc_ADC_EXCLUSIVE_AREA_98
                0x004091e0                SchM_Enter_Adc_ADC_EXCLUSIVE_AREA_99
                0x00409214                SchM_Exit_Adc_ADC_EXCLUSIVE_AREA_99
 .mcal_text     0x00409244       0x64 out/SchM_Ae.o
                0x00409244                SchM_Enter_Ae_AE_EXCLUSIVE_AREA_00
                0x00409278                SchM_Exit_Ae_AE_EXCLUSIVE_AREA_00
 .mcal_text     0x004092a8      0x834 out/SchM_Can.o
                0x004092a8                SchM_Enter_Can_CAN_EXCLUSIVE_AREA_00
                0x004092dc                SchM_Exit_Can_CAN_EXCLUSIVE_AREA_00
                0x0040930c                SchM_Enter_Can_CAN_EXCLUSIVE_AREA_01
                0x00409340                SchM_Exit_Can_CAN_EXCLUSIVE_AREA_01
                0x00409370                SchM_Enter_Can_CAN_EXCLUSIVE_AREA_02
                0x004093a4                SchM_Exit_Can_CAN_EXCLUSIVE_AREA_02
                0x004093d4                SchM_Enter_Can_CAN_EXCLUSIVE_AREA_03
                0x00409408                SchM_Exit_Can_CAN_EXCLUSIVE_AREA_03
                0x00409438                SchM_Enter_Can_CAN_EXCLUSIVE_AREA_04
                0x0040946c                SchM_Exit_Can_CAN_EXCLUSIVE_AREA_04
                0x0040949c                SchM_Enter_Can_CAN_EXCLUSIVE_AREA_05
                0x004094d0                SchM_Exit_Can_CAN_EXCLUSIVE_AREA_05
                0x00409500                SchM_Enter_Can_CAN_EXCLUSIVE_AREA_06
                0x00409534                SchM_Exit_Can_CAN_EXCLUSIVE_AREA_06
                0x00409564                SchM_Enter_Can_CAN_EXCLUSIVE_AREA_07
                0x00409598                SchM_Exit_Can_CAN_EXCLUSIVE_AREA_07
                0x004095c8                SchM_Enter_Can_CAN_EXCLUSIVE_AREA_08
                0x004095fc                SchM_Exit_Can_CAN_EXCLUSIVE_AREA_08
                0x0040962c                SchM_Enter_Can_CAN_EXCLUSIVE_AREA_09
                0x00409660                SchM_Exit_Can_CAN_EXCLUSIVE_AREA_09
                0x00409690                SchM_Enter_Can_CAN_EXCLUSIVE_AREA_10
                0x004096c4                SchM_Exit_Can_CAN_EXCLUSIVE_AREA_10
                0x004096f4                SchM_Enter_Can_CAN_EXCLUSIVE_AREA_11
                0x00409728                SchM_Exit_Can_CAN_EXCLUSIVE_AREA_11
                0x00409758                SchM_Enter_Can_CAN_EXCLUSIVE_AREA_12
                0x0040978c                SchM_Exit_Can_CAN_EXCLUSIVE_AREA_12
                0x004097bc                SchM_Enter_Can_CAN_EXCLUSIVE_AREA_13
                0x004097f0                SchM_Exit_Can_CAN_EXCLUSIVE_AREA_13
                0x00409820                SchM_Enter_Can_CAN_EXCLUSIVE_AREA_14
                0x00409854                SchM_Exit_Can_CAN_EXCLUSIVE_AREA_14
                0x00409884                SchM_Enter_Can_CAN_EXCLUSIVE_AREA_15
                0x004098b8                SchM_Exit_Can_CAN_EXCLUSIVE_AREA_15
                0x004098e8                SchM_Enter_Can_CAN_EXCLUSIVE_AREA_16
                0x0040991c                SchM_Exit_Can_CAN_EXCLUSIVE_AREA_16
                0x0040994c                SchM_Enter_Can_CAN_EXCLUSIVE_AREA_17
                0x00409980                SchM_Exit_Can_CAN_EXCLUSIVE_AREA_17
                0x004099b0                SchM_Enter_Can_CAN_EXCLUSIVE_AREA_18
                0x004099e4                SchM_Exit_Can_CAN_EXCLUSIVE_AREA_18
                0x00409a14                SchM_Enter_Can_CAN_EXCLUSIVE_AREA_19
                0x00409a48                SchM_Exit_Can_CAN_EXCLUSIVE_AREA_19
                0x00409a78                SchM_Enter_Can_CAN_EXCLUSIVE_AREA_20
                0x00409aac                SchM_Exit_Can_CAN_EXCLUSIVE_AREA_20
 .mcal_text     0x00409adc       0xc8 out/SchM_CanTrcv_43_fs23.o
                0x00409adc                SchM_Enter_CanTrcv_43_fs23_CANTRCV_EXCLUSIVE_AREA_00
                0x00409b10                SchM_Exit_CanTrcv_43_fs23_CANTRCV_EXCLUSIVE_AREA_00
                0x00409b40                SchM_Enter_CanTrcv_43_fs23_CANTRCV_EXCLUSIVE_AREA_01
                0x00409b74                SchM_Exit_CanTrcv_43_fs23_CANTRCV_EXCLUSIVE_AREA_01
 .mcal_text     0x00409ba4       0xc8 out/SchM_CanTrcv_43_fs65.o
                0x00409ba4                SchM_Enter_CanTrcv_43_fs65_CANTRCV_EXCLUSIVE_AREA_00
                0x00409bd8                SchM_Exit_CanTrcv_43_fs65_CANTRCV_EXCLUSIVE_AREA_00
                0x00409c08                SchM_Enter_CanTrcv_43_fs65_CANTRCV_EXCLUSIVE_AREA_01
                0x00409c3c                SchM_Exit_CanTrcv_43_fs65_CANTRCV_EXCLUSIVE_AREA_01
 .mcal_text     0x00409c6c      0x1f4 out/SchM_CanTrcv_nxp_genIO.o
                0x00409c6c                SchM_Enter_CanTrcv_nxp_genIO_CANTRCV_EXCLUSIVE_AREA_00
                0x00409ca0                SchM_Exit_CanTrcv_nxp_genIO_CANTRCV_EXCLUSIVE_AREA_00
                0x00409cd0                SchM_Enter_CanTrcv_nxp_genIO_CANTRCV_EXCLUSIVE_AREA_01
                0x00409d04                SchM_Exit_CanTrcv_nxp_genIO_CANTRCV_EXCLUSIVE_AREA_01
                0x00409d34                SchM_Enter_CanTrcv_nxp_genIO_CANTRCV_EXCLUSIVE_AREA_03
                0x00409d68                SchM_Exit_CanTrcv_nxp_genIO_CANTRCV_EXCLUSIVE_AREA_03
                0x00409d98                SchM_Enter_CanTrcv_nxp_genIO_CANTRCV_EXCLUSIVE_AREA_04
                0x00409dcc                SchM_Exit_CanTrcv_nxp_genIO_CANTRCV_EXCLUSIVE_AREA_04
                0x00409dfc                SchM_Enter_CanTrcv_nxp_genIO_CANTRCV_EXCLUSIVE_AREA_05
                0x00409e30                SchM_Exit_CanTrcv_nxp_genIO_CANTRCV_EXCLUSIVE_AREA_05
 .mcal_text     0x00409e60      0x3a8 out/SchM_CanTrcv_nxp_genIO_secure.o
                0x00409e60                SchM_Enter_CanTrcv_nxp_genIO_secure_EXCLUSIVE_AREA_00
                0x00409e98                SchM_Exit_CanTrcv_nxp_genIO_secure_EXCLUSIVE_AREA_00
                0x00409ec8                SchM_Enter_CanTrcv_nxp_genIO_secure_EXCLUSIVE_AREA_01
                0x00409f00                SchM_Exit_CanTrcv_nxp_genIO_secure_EXCLUSIVE_AREA_01
                0x00409f30                SchM_Enter_CanTrcv_nxp_genIO_secure_EXCLUSIVE_AREA_02
                0x00409f68                SchM_Exit_CanTrcv_nxp_genIO_secure_EXCLUSIVE_AREA_02
                0x00409f98                SchM_Enter_CanTrcv_nxp_genIO_secure_EXCLUSIVE_AREA_03
                0x00409fd0                SchM_Exit_CanTrcv_nxp_genIO_secure_EXCLUSIVE_AREA_03
                0x0040a000                SchM_Enter_CanTrcv_nxp_genIO_secure_EXCLUSIVE_AREA_04
                0x0040a038                SchM_Exit_CanTrcv_nxp_genIO_secure_EXCLUSIVE_AREA_04
                0x0040a068                SchM_Enter_CanTrcv_nxp_genIO_secure_EXCLUSIVE_AREA_05
                0x0040a0a0                SchM_Exit_CanTrcv_nxp_genIO_secure_EXCLUSIVE_AREA_05
                0x0040a0d0                SchM_Enter_CanTrcv_nxp_genIO_secure_EXCLUSIVE_AREA_06
                0x0040a108                SchM_Exit_CanTrcv_nxp_genIO_secure_EXCLUSIVE_AREA_06
                0x0040a138                SchM_Enter_CanTrcv_nxp_genIO_secure_EXCLUSIVE_AREA_07
                0x0040a170                SchM_Exit_CanTrcv_nxp_genIO_secure_EXCLUSIVE_AREA_07
                0x0040a1a0                SchM_Enter_CanTrcv_nxp_genIO_secure_EXCLUSIVE_AREA_08
                0x0040a1d8                SchM_Exit_CanTrcv_nxp_genIO_secure_EXCLUSIVE_AREA_08
 .mcal_text     0x0040a208      0x8fc out/SchM_Can_43_FLEXCAN.o
                0x0040a208                SchM_Enter_Can_43_FLEXCAN_CAN_EXCLUSIVE_AREA_00
                0x0040a23c                SchM_Exit_Can_43_FLEXCAN_CAN_EXCLUSIVE_AREA_00
                0x0040a26c                SchM_Enter_Can_43_FLEXCAN_CAN_EXCLUSIVE_AREA_01
                0x0040a2a0                SchM_Exit_Can_43_FLEXCAN_CAN_EXCLUSIVE_AREA_01
                0x0040a2d0                SchM_Enter_Can_43_FLEXCAN_CAN_EXCLUSIVE_AREA_02
                0x0040a304                SchM_Exit_Can_43_FLEXCAN_CAN_EXCLUSIVE_AREA_02
                0x0040a334                SchM_Enter_Can_43_FLEXCAN_CAN_EXCLUSIVE_AREA_03
                0x0040a368                SchM_Exit_Can_43_FLEXCAN_CAN_EXCLUSIVE_AREA_03
                0x0040a398                SchM_Enter_Can_43_FLEXCAN_CAN_EXCLUSIVE_AREA_04
                0x0040a3cc                SchM_Exit_Can_43_FLEXCAN_CAN_EXCLUSIVE_AREA_04
                0x0040a3fc                SchM_Enter_Can_43_FLEXCAN_CAN_EXCLUSIVE_AREA_05
                0x0040a430                SchM_Exit_Can_43_FLEXCAN_CAN_EXCLUSIVE_AREA_05
                0x0040a460                SchM_Enter_Can_43_FLEXCAN_CAN_EXCLUSIVE_AREA_06
                0x0040a494                SchM_Exit_Can_43_FLEXCAN_CAN_EXCLUSIVE_AREA_06
                0x0040a4c4                SchM_Enter_Can_43_FLEXCAN_CAN_EXCLUSIVE_AREA_07
                0x0040a4f8                SchM_Exit_Can_43_FLEXCAN_CAN_EXCLUSIVE_AREA_07
                0x0040a528                SchM_Enter_Can_43_FLEXCAN_CAN_EXCLUSIVE_AREA_08
                0x0040a55c                SchM_Exit_Can_43_FLEXCAN_CAN_EXCLUSIVE_AREA_08
                0x0040a58c                SchM_Enter_Can_43_FLEXCAN_CAN_EXCLUSIVE_AREA_09
                0x0040a5c0                SchM_Exit_Can_43_FLEXCAN_CAN_EXCLUSIVE_AREA_09
                0x0040a5f0                SchM_Enter_Can_43_FLEXCAN_CAN_EXCLUSIVE_AREA_10
                0x0040a624                SchM_Exit_Can_43_FLEXCAN_CAN_EXCLUSIVE_AREA_10
                0x0040a654                SchM_Enter_Can_43_FLEXCAN_CAN_EXCLUSIVE_AREA_11
                0x0040a688                SchM_Exit_Can_43_FLEXCAN_CAN_EXCLUSIVE_AREA_11
                0x0040a6b8                SchM_Enter_Can_43_FLEXCAN_CAN_EXCLUSIVE_AREA_12
                0x0040a6ec                SchM_Exit_Can_43_FLEXCAN_CAN_EXCLUSIVE_AREA_12
                0x0040a71c                SchM_Enter_Can_43_FLEXCAN_CAN_EXCLUSIVE_AREA_13
                0x0040a750                SchM_Exit_Can_43_FLEXCAN_CAN_EXCLUSIVE_AREA_13
                0x0040a780                SchM_Enter_Can_43_FLEXCAN_CAN_EXCLUSIVE_AREA_14
                0x0040a7b4                SchM_Exit_Can_43_FLEXCAN_CAN_EXCLUSIVE_AREA_14
                0x0040a7e4                SchM_Enter_Can_43_FLEXCAN_CAN_EXCLUSIVE_AREA_15
                0x0040a818                SchM_Exit_Can_43_FLEXCAN_CAN_EXCLUSIVE_AREA_15
                0x0040a848                SchM_Enter_Can_43_FLEXCAN_CAN_EXCLUSIVE_AREA_16
                0x0040a87c                SchM_Exit_Can_43_FLEXCAN_CAN_EXCLUSIVE_AREA_16
                0x0040a8ac                SchM_Enter_Can_43_FLEXCAN_CAN_EXCLUSIVE_AREA_17
                0x0040a8e0                SchM_Exit_Can_43_FLEXCAN_CAN_EXCLUSIVE_AREA_17
                0x0040a910                SchM_Enter_Can_43_FLEXCAN_CAN_EXCLUSIVE_AREA_18
                0x0040a944                SchM_Exit_Can_43_FLEXCAN_CAN_EXCLUSIVE_AREA_18
                0x0040a974                SchM_Enter_Can_43_FLEXCAN_CAN_EXCLUSIVE_AREA_19
                0x0040a9a8                SchM_Exit_Can_43_FLEXCAN_CAN_EXCLUSIVE_AREA_19
                0x0040a9d8                SchM_Enter_Can_43_FLEXCAN_CAN_EXCLUSIVE_AREA_20
                0x0040aa0c                SchM_Exit_Can_43_FLEXCAN_CAN_EXCLUSIVE_AREA_20
                0x0040aa3c                SchM_Enter_Can_43_FLEXCAN_CAN_EXCLUSIVE_AREA_21
                0x0040aa70                SchM_Exit_Can_43_FLEXCAN_CAN_EXCLUSIVE_AREA_21
                0x0040aaa0                SchM_Enter_Can_43_FLEXCAN_CAN_EXCLUSIVE_AREA_22
                0x0040aad4                SchM_Exit_Can_43_FLEXCAN_CAN_EXCLUSIVE_AREA_22
 .mcal_text     0x0040ab04      0x384 out/SchM_Crypto.o
                0x0040ab04                SchM_Enter_Crypto_CRYPTO_EXCLUSIVE_AREA_00
                0x0040ab38                SchM_Exit_Crypto_CRYPTO_EXCLUSIVE_AREA_00
                0x0040ab68                SchM_Enter_Crypto_CRYPTO_EXCLUSIVE_AREA_01
                0x0040ab9c                SchM_Exit_Crypto_CRYPTO_EXCLUSIVE_AREA_01
                0x0040abcc                SchM_Enter_Crypto_CRYPTO_EXCLUSIVE_AREA_02
                0x0040ac00                SchM_Exit_Crypto_CRYPTO_EXCLUSIVE_AREA_02
                0x0040ac30                SchM_Enter_Crypto_CRYPTO_EXCLUSIVE_AREA_03
                0x0040ac64                SchM_Exit_Crypto_CRYPTO_EXCLUSIVE_AREA_03
                0x0040ac94                SchM_Enter_Crypto_CRYPTO_EXCLUSIVE_AREA_04
                0x0040acc8                SchM_Exit_Crypto_CRYPTO_EXCLUSIVE_AREA_04
                0x0040acf8                SchM_Enter_Crypto_CRYPTO_EXCLUSIVE_AREA_05
                0x0040ad2c                SchM_Exit_Crypto_CRYPTO_EXCLUSIVE_AREA_05
                0x0040ad5c                SchM_Enter_Crypto_CRYPTO_EXCLUSIVE_AREA_10
                0x0040ad90                SchM_Exit_Crypto_CRYPTO_EXCLUSIVE_AREA_10
                0x0040adc0                SchM_Enter_Crypto_CRYPTO_EXCLUSIVE_AREA_11
                0x0040adf4                SchM_Exit_Crypto_CRYPTO_EXCLUSIVE_AREA_11
                0x0040ae24                SchM_Enter_Crypto_CRYPTO_EXCLUSIVE_AREA_12
                0x0040ae58                SchM_Exit_Crypto_CRYPTO_EXCLUSIVE_AREA_12
 .mcal_text     0x0040ae88      0x12c out/SchM_Crypto_43_ACE.o
                0x0040ae88                SchM_Enter_Crypto_43_ACE_CRYPTO_EXCLUSIVE_AREA_00
                0x0040aebc                SchM_Exit_Crypto_43_ACE_CRYPTO_EXCLUSIVE_AREA_00
                0x0040aeec                SchM_Enter_Crypto_43_ACE_CRYPTO_EXCLUSIVE_AREA_01
                0x0040af20                SchM_Exit_Crypto_43_ACE_CRYPTO_EXCLUSIVE_AREA_01
                0x0040af50                SchM_Enter_Crypto_43_ACE_CRYPTO_EXCLUSIVE_AREA_02
                0x0040af84                SchM_Exit_Crypto_43_ACE_CRYPTO_EXCLUSIVE_AREA_02
 .mcal_text     0x0040afb4      0x320 out/SchM_Crypto_43_HSE.o
                0x0040afb4                SchM_Enter_Crypto_43_HSE_CRYPTO_EXCLUSIVE_AREA_00
                0x0040afe8                SchM_Exit_Crypto_43_HSE_CRYPTO_EXCLUSIVE_AREA_00
                0x0040b018                SchM_Enter_Crypto_43_HSE_CRYPTO_EXCLUSIVE_AREA_01
                0x0040b04c                SchM_Exit_Crypto_43_HSE_CRYPTO_EXCLUSIVE_AREA_01
                0x0040b07c                SchM_Enter_Crypto_43_HSE_CRYPTO_EXCLUSIVE_AREA_02
                0x0040b0b0                SchM_Exit_Crypto_43_HSE_CRYPTO_EXCLUSIVE_AREA_02
                0x0040b0e0                SchM_Enter_Crypto_43_HSE_CRYPTO_EXCLUSIVE_AREA_03
                0x0040b114                SchM_Exit_Crypto_43_HSE_CRYPTO_EXCLUSIVE_AREA_03
                0x0040b144                SchM_Enter_Crypto_43_HSE_CRYPTO_EXCLUSIVE_AREA_04
                0x0040b178                SchM_Exit_Crypto_43_HSE_CRYPTO_EXCLUSIVE_AREA_04
                0x0040b1a8                SchM_Enter_Crypto_43_HSE_CRYPTO_EXCLUSIVE_AREA_05
                0x0040b1dc                SchM_Exit_Crypto_43_HSE_CRYPTO_EXCLUSIVE_AREA_05
                0x0040b20c                SchM_Enter_Crypto_43_HSE_CRYPTO_EXCLUSIVE_AREA_10
                0x0040b240                SchM_Exit_Crypto_43_HSE_CRYPTO_EXCLUSIVE_AREA_10
                0x0040b270                SchM_Enter_Crypto_43_HSE_CRYPTO_EXCLUSIVE_AREA_11
                0x0040b2a4                SchM_Exit_Crypto_43_HSE_CRYPTO_EXCLUSIVE_AREA_11
 .mcal_text     0x0040b2d4       0xc8 out/SchM_Dio.o
                0x0040b2d4                SchM_Enter_Dio_DIO_EXCLUSIVE_AREA_00
                0x0040b308                SchM_Exit_Dio_DIO_EXCLUSIVE_AREA_00
                0x0040b338                SchM_Enter_Dio_DIO_EXCLUSIVE_AREA_01
                0x0040b36c                SchM_Exit_Dio_DIO_EXCLUSIVE_AREA_01
 .mcal_text     0x0040b39c      0x578 out/SchM_Eep.o
                0x0040b39c                SchM_Enter_Eep_EEP_EXCLUSIVE_AREA_00
                0x0040b3d0                SchM_Exit_Eep_EEP_EXCLUSIVE_AREA_00
                0x0040b400                SchM_Enter_Eep_EEP_EXCLUSIVE_AREA_01
                0x0040b434                SchM_Exit_Eep_EEP_EXCLUSIVE_AREA_01
                0x0040b464                SchM_Enter_Eep_EEP_EXCLUSIVE_AREA_02
                0x0040b498                SchM_Exit_Eep_EEP_EXCLUSIVE_AREA_02
                0x0040b4c8                SchM_Enter_Eep_EEP_EXCLUSIVE_AREA_03
                0x0040b4fc                SchM_Exit_Eep_EEP_EXCLUSIVE_AREA_03
                0x0040b52c                SchM_Enter_Eep_EEP_EXCLUSIVE_AREA_04
                0x0040b560                SchM_Exit_Eep_EEP_EXCLUSIVE_AREA_04
                0x0040b590                SchM_Enter_Eep_EEP_EXCLUSIVE_AREA_05
                0x0040b5c4                SchM_Exit_Eep_EEP_EXCLUSIVE_AREA_05
                0x0040b5f4                SchM_Enter_Eep_EEP_EXCLUSIVE_AREA_06
                0x0040b628                SchM_Exit_Eep_EEP_EXCLUSIVE_AREA_06
                0x0040b658                SchM_Enter_Eep_EEP_EXCLUSIVE_AREA_07
                0x0040b68c                SchM_Exit_Eep_EEP_EXCLUSIVE_AREA_07
                0x0040b6bc                SchM_Enter_Eep_EEP_EXCLUSIVE_AREA_08
                0x0040b6f0                SchM_Exit_Eep_EEP_EXCLUSIVE_AREA_08
                0x0040b720                SchM_Enter_Eep_EEP_EXCLUSIVE_AREA_10
                0x0040b754                SchM_Exit_Eep_EEP_EXCLUSIVE_AREA_10
                0x0040b784                SchM_Enter_Eep_EEP_EXCLUSIVE_AREA_11
                0x0040b7b8                SchM_Exit_Eep_EEP_EXCLUSIVE_AREA_11
                0x0040b7e8                SchM_Enter_Eep_EEP_EXCLUSIVE_AREA_12
                0x0040b81c                SchM_Exit_Eep_EEP_EXCLUSIVE_AREA_12
                0x0040b84c                SchM_Enter_Eep_EEP_EXCLUSIVE_AREA_13
                0x0040b880                SchM_Exit_Eep_EEP_EXCLUSIVE_AREA_13
                0x0040b8b0                SchM_Enter_Eep_EEP_EXCLUSIVE_AREA_14
                0x0040b8e4                SchM_Exit_Eep_EEP_EXCLUSIVE_AREA_14
 .mcal_text     0x0040b914      0x578 out/SchM_EthTrcv_43_PHY.o
                0x0040b914                SchM_Enter_EthTrcv_43_PHY_ETHTRCV_EXCLUSIVE_AREA_00
                0x0040b948                SchM_Exit_EthTrcv_43_PHY_ETHTRCV_EXCLUSIVE_AREA_00
                0x0040b978                SchM_Enter_EthTrcv_43_PHY_ETHTRCV_EXCLUSIVE_AREA_01
                0x0040b9ac                SchM_Exit_EthTrcv_43_PHY_ETHTRCV_EXCLUSIVE_AREA_01
                0x0040b9dc                SchM_Enter_EthTrcv_43_PHY_ETHTRCV_EXCLUSIVE_AREA_02
                0x0040ba10                SchM_Exit_EthTrcv_43_PHY_ETHTRCV_EXCLUSIVE_AREA_02
                0x0040ba40                SchM_Enter_EthTrcv_43_PHY_ETHTRCV_EXCLUSIVE_AREA_03
                0x0040ba74                SchM_Exit_EthTrcv_43_PHY_ETHTRCV_EXCLUSIVE_AREA_03
                0x0040baa4                SchM_Enter_EthTrcv_43_PHY_ETHTRCV_EXCLUSIVE_AREA_04
                0x0040bad8                SchM_Exit_EthTrcv_43_PHY_ETHTRCV_EXCLUSIVE_AREA_04
                0x0040bb08                SchM_Enter_EthTrcv_43_PHY_ETHTRCV_EXCLUSIVE_AREA_05
                0x0040bb3c                SchM_Exit_EthTrcv_43_PHY_ETHTRCV_EXCLUSIVE_AREA_05
                0x0040bb6c                SchM_Enter_EthTrcv_43_PHY_ETHTRCV_EXCLUSIVE_AREA_06
                0x0040bba0                SchM_Exit_EthTrcv_43_PHY_ETHTRCV_EXCLUSIVE_AREA_06
                0x0040bbd0                SchM_Enter_EthTrcv_43_PHY_ETHTRCV_EXCLUSIVE_AREA_07
                0x0040bc04                SchM_Exit_EthTrcv_43_PHY_ETHTRCV_EXCLUSIVE_AREA_07
                0x0040bc34                SchM_Enter_EthTrcv_43_PHY_ETHTRCV_EXCLUSIVE_AREA_08
                0x0040bc68                SchM_Exit_EthTrcv_43_PHY_ETHTRCV_EXCLUSIVE_AREA_08
                0x0040bc98                SchM_Enter_EthTrcv_43_PHY_ETHTRCV_EXCLUSIVE_AREA_09
                0x0040bccc                SchM_Exit_EthTrcv_43_PHY_ETHTRCV_EXCLUSIVE_AREA_09
                0x0040bcfc                SchM_Enter_EthTrcv_43_PHY_ETHTRCV_EXCLUSIVE_AREA_10
                0x0040bd30                SchM_Exit_EthTrcv_43_PHY_ETHTRCV_EXCLUSIVE_AREA_10
                0x0040bd60                SchM_Enter_EthTrcv_43_PHY_ETHTRCV_EXCLUSIVE_AREA_11
                0x0040bd94                SchM_Exit_EthTrcv_43_PHY_ETHTRCV_EXCLUSIVE_AREA_11
                0x0040bdc4                SchM_Enter_EthTrcv_43_PHY_ETHTRCV_EXCLUSIVE_AREA_12
                0x0040bdf8                SchM_Exit_EthTrcv_43_PHY_ETHTRCV_EXCLUSIVE_AREA_12
                0x0040be28                SchM_Enter_EthTrcv_43_PHY_ETHTRCV_EXCLUSIVE_AREA_13
                0x0040be5c                SchM_Exit_EthTrcv_43_PHY_ETHTRCV_EXCLUSIVE_AREA_13
 .mcal_text     0x0040be8c      0x320 out/SchM_Etpu.o
                0x0040be8c                SchM_Enter_Etpu_ETPU_EXCLUSIVE_AREA_00
                0x0040bec0                SchM_Exit_Etpu_ETPU_EXCLUSIVE_AREA_00
                0x0040bef0                SchM_Enter_Etpu_ETPU_EXCLUSIVE_AREA_01
                0x0040bf24                SchM_Exit_Etpu_ETPU_EXCLUSIVE_AREA_01
                0x0040bf54                SchM_Enter_Etpu_ETPU_EXCLUSIVE_AREA_02
                0x0040bf88                SchM_Exit_Etpu_ETPU_EXCLUSIVE_AREA_02
                0x0040bfb8                SchM_Enter_Etpu_ETPU_EXCLUSIVE_AREA_03
                0x0040bfec                SchM_Exit_Etpu_ETPU_EXCLUSIVE_AREA_03
                0x0040c01c                SchM_Enter_Etpu_ETPU_EXCLUSIVE_AREA_04
                0x0040c050                SchM_Exit_Etpu_ETPU_EXCLUSIVE_AREA_04
                0x0040c080                SchM_Enter_Etpu_ETPU_EXCLUSIVE_AREA_05
                0x0040c0b4                SchM_Exit_Etpu_ETPU_EXCLUSIVE_AREA_05
                0x0040c0e4                SchM_Enter_Etpu_ETPU_EXCLUSIVE_AREA_06
                0x0040c118                SchM_Exit_Etpu_ETPU_EXCLUSIVE_AREA_06
                0x0040c148                SchM_Enter_Etpu_ETPU_EXCLUSIVE_AREA_07
                0x0040c17c                SchM_Exit_Etpu_ETPU_EXCLUSIVE_AREA_07
 .mcal_text     0x0040c1ac      0x190 out/SchM_Fee.o
                0x0040c1ac                SchM_Enter_Fee_FEE_EXCLUSIVE_AREA_00
                0x0040c1e0                SchM_Exit_Fee_FEE_EXCLUSIVE_AREA_00
                0x0040c210                SchM_Enter_Fee_FEE_EXCLUSIVE_AREA_01
                0x0040c244                SchM_Exit_Fee_FEE_EXCLUSIVE_AREA_01
                0x0040c274                SchM_Enter_Fee_FEE_EXCLUSIVE_AREA_02
                0x0040c2a8                SchM_Exit_Fee_FEE_EXCLUSIVE_AREA_02
                0x0040c2d8                SchM_Enter_Fee_FEE_EXCLUSIVE_AREA_03
                0x0040c30c                SchM_Exit_Fee_FEE_EXCLUSIVE_AREA_03
 .mcal_text     0x0040c33c      0x1f4 out/SchM_Fls.o
                0x0040c33c                SchM_Enter_Fls_FLS_EXCLUSIVE_AREA_10
                0x0040c370                SchM_Exit_Fls_FLS_EXCLUSIVE_AREA_10
                0x0040c3a0                SchM_Enter_Fls_FLS_EXCLUSIVE_AREA_11
                0x0040c3d4                SchM_Exit_Fls_FLS_EXCLUSIVE_AREA_11
                0x0040c404                SchM_Enter_Fls_FLS_EXCLUSIVE_AREA_12
                0x0040c438                SchM_Exit_Fls_FLS_EXCLUSIVE_AREA_12
                0x0040c468                SchM_Enter_Fls_FLS_EXCLUSIVE_AREA_13
                0x0040c49c                SchM_Exit_Fls_FLS_EXCLUSIVE_AREA_13
                0x0040c4cc                SchM_Enter_Fls_FLS_EXCLUSIVE_AREA_14
                0x0040c500                SchM_Exit_Fls_FLS_EXCLUSIVE_AREA_14
 .mcal_text     0x0040c530      0x1f4 out/SchM_Gd3162.o
                0x0040c530                SchM_Enter_Gd3162_GD3162_EXCLUSIVE_AREA_00
                0x0040c564                SchM_Exit_Gd3162_GD3162_EXCLUSIVE_AREA_00
                0x0040c594                SchM_Enter_Gd3162_GD3162_EXCLUSIVE_AREA_01
                0x0040c5c8                SchM_Exit_Gd3162_GD3162_EXCLUSIVE_AREA_01
                0x0040c5f8                SchM_Enter_Gd3162_GD3162_EXCLUSIVE_AREA_02
                0x0040c62c                SchM_Exit_Gd3162_GD3162_EXCLUSIVE_AREA_02
                0x0040c65c                SchM_Enter_Gd3162_GD3162_EXCLUSIVE_AREA_03
                0x0040c690                SchM_Exit_Gd3162_GD3162_EXCLUSIVE_AREA_03
                0x0040c6c0                SchM_Enter_Gd3162_GD3162_EXCLUSIVE_AREA_04
                0x0040c6f4                SchM_Exit_Gd3162_GD3162_EXCLUSIVE_AREA_04
 .mcal_text     0x0040c724      0x12c out/SchM_Gdu.o
                0x0040c724                SchM_Enter_Gdu_GDU_EXCLUSIVE_AREA_00
                0x0040c758                SchM_Exit_Gdu_GDU_EXCLUSIVE_AREA_00
                0x0040c788                SchM_Enter_Gdu_GDU_EXCLUSIVE_AREA_01
                0x0040c7bc                SchM_Exit_Gdu_GDU_EXCLUSIVE_AREA_01
                0x0040c7ec                SchM_Enter_Gdu_GDU_EXCLUSIVE_AREA_02
                0x0040c820                SchM_Exit_Gdu_GDU_EXCLUSIVE_AREA_02
 .mcal_text     0x0040c850     0x1518 out/SchM_Gpt.o
                0x0040c850                SchM_Enter_Gpt_GPT_EXCLUSIVE_AREA_00
                0x0040c884                SchM_Exit_Gpt_GPT_EXCLUSIVE_AREA_00
                0x0040c8b4                SchM_Enter_Gpt_GPT_EXCLUSIVE_AREA_01
                0x0040c8e8                SchM_Exit_Gpt_GPT_EXCLUSIVE_AREA_01
                0x0040c918                SchM_Enter_Gpt_GPT_EXCLUSIVE_AREA_02
                0x0040c94c                SchM_Exit_Gpt_GPT_EXCLUSIVE_AREA_02
                0x0040c97c                SchM_Enter_Gpt_GPT_EXCLUSIVE_AREA_03
                0x0040c9b0                SchM_Exit_Gpt_GPT_EXCLUSIVE_AREA_03
                0x0040c9e0                SchM_Enter_Gpt_GPT_EXCLUSIVE_AREA_04
                0x0040ca14                SchM_Exit_Gpt_GPT_EXCLUSIVE_AREA_04
                0x0040ca44                SchM_Enter_Gpt_GPT_EXCLUSIVE_AREA_05
                0x0040ca78                SchM_Exit_Gpt_GPT_EXCLUSIVE_AREA_05
                0x0040caa8                SchM_Enter_Gpt_GPT_EXCLUSIVE_AREA_06
                0x0040cadc                SchM_Exit_Gpt_GPT_EXCLUSIVE_AREA_06
                0x0040cb0c                SchM_Enter_Gpt_GPT_EXCLUSIVE_AREA_07
                0x0040cb40                SchM_Exit_Gpt_GPT_EXCLUSIVE_AREA_07
                0x0040cb70                SchM_Enter_Gpt_GPT_EXCLUSIVE_AREA_08
                0x0040cba4                SchM_Exit_Gpt_GPT_EXCLUSIVE_AREA_08
                0x0040cbd4                SchM_Enter_Gpt_GPT_EXCLUSIVE_AREA_09
                0x0040cc08                SchM_Exit_Gpt_GPT_EXCLUSIVE_AREA_09
                0x0040cc38                SchM_Enter_Gpt_GPT_EXCLUSIVE_AREA_10
                0x0040cc6c                SchM_Exit_Gpt_GPT_EXCLUSIVE_AREA_10
                0x0040cc9c                SchM_Enter_Gpt_GPT_EXCLUSIVE_AREA_11
                0x0040ccd0                SchM_Exit_Gpt_GPT_EXCLUSIVE_AREA_11
                0x0040cd00                SchM_Enter_Gpt_GPT_EXCLUSIVE_AREA_17
                0x0040cd34                SchM_Exit_Gpt_GPT_EXCLUSIVE_AREA_17
                0x0040cd64                SchM_Enter_Gpt_GPT_EXCLUSIVE_AREA_21
                0x0040cd98                SchM_Exit_Gpt_GPT_EXCLUSIVE_AREA_21
                0x0040cdc8                SchM_Enter_Gpt_GPT_EXCLUSIVE_AREA_22
                0x0040cdfc                SchM_Exit_Gpt_GPT_EXCLUSIVE_AREA_22
                0x0040ce2c                SchM_Enter_Gpt_GPT_EXCLUSIVE_AREA_23
                0x0040ce60                SchM_Exit_Gpt_GPT_EXCLUSIVE_AREA_23
                0x0040ce90                SchM_Enter_Gpt_GPT_EXCLUSIVE_AREA_24
                0x0040cec4                SchM_Exit_Gpt_GPT_EXCLUSIVE_AREA_24
                0x0040cef4                SchM_Enter_Gpt_GPT_EXCLUSIVE_AREA_25
                0x0040cf28                SchM_Exit_Gpt_GPT_EXCLUSIVE_AREA_25
                0x0040cf58                SchM_Enter_Gpt_GPT_EXCLUSIVE_AREA_26
                0x0040cf8c                SchM_Exit_Gpt_GPT_EXCLUSIVE_AREA_26
                0x0040cfbc                SchM_Enter_Gpt_GPT_EXCLUSIVE_AREA_29
                0x0040cff0                SchM_Exit_Gpt_GPT_EXCLUSIVE_AREA_29
                0x0040d020                SchM_Enter_Gpt_GPT_EXCLUSIVE_AREA_30
                0x0040d054                SchM_Exit_Gpt_GPT_EXCLUSIVE_AREA_30
                0x0040d084                SchM_Enter_Gpt_GPT_EXCLUSIVE_AREA_31
                0x0040d0b8                SchM_Exit_Gpt_GPT_EXCLUSIVE_AREA_31
                0x0040d0e8                SchM_Enter_Gpt_GPT_EXCLUSIVE_AREA_35
                0x0040d11c                SchM_Exit_Gpt_GPT_EXCLUSIVE_AREA_35
                0x0040d14c                SchM_Enter_Gpt_GPT_EXCLUSIVE_AREA_36
                0x0040d180                SchM_Exit_Gpt_GPT_EXCLUSIVE_AREA_36
                0x0040d1b0                SchM_Enter_Gpt_GPT_EXCLUSIVE_AREA_38
                0x0040d1e4                SchM_Exit_Gpt_GPT_EXCLUSIVE_AREA_38
                0x0040d214                SchM_Enter_Gpt_GPT_EXCLUSIVE_AREA_39
                0x0040d248                SchM_Exit_Gpt_GPT_EXCLUSIVE_AREA_39
                0x0040d278                SchM_Enter_Gpt_GPT_EXCLUSIVE_AREA_40
                0x0040d2ac                SchM_Exit_Gpt_GPT_EXCLUSIVE_AREA_40
                0x0040d2dc                SchM_Enter_Gpt_GPT_EXCLUSIVE_AREA_41
                0x0040d310                SchM_Exit_Gpt_GPT_EXCLUSIVE_AREA_41
                0x0040d340                SchM_Enter_Gpt_GPT_EXCLUSIVE_AREA_42
                0x0040d374                SchM_Exit_Gpt_GPT_EXCLUSIVE_AREA_42
                0x0040d3a4                SchM_Enter_Gpt_GPT_EXCLUSIVE_AREA_43
                0x0040d3d8                SchM_Exit_Gpt_GPT_EXCLUSIVE_AREA_43
                0x0040d408                SchM_Enter_Gpt_GPT_EXCLUSIVE_AREA_44
                0x0040d43c                SchM_Exit_Gpt_GPT_EXCLUSIVE_AREA_44
                0x0040d46c                SchM_Enter_Gpt_GPT_EXCLUSIVE_AREA_45
                0x0040d4a0                SchM_Exit_Gpt_GPT_EXCLUSIVE_AREA_45
                0x0040d4d0                SchM_Enter_Gpt_GPT_EXCLUSIVE_AREA_46
                0x0040d504                SchM_Exit_Gpt_GPT_EXCLUSIVE_AREA_46
                0x0040d534                SchM_Enter_Gpt_GPT_EXCLUSIVE_AREA_50
                0x0040d568                SchM_Exit_Gpt_GPT_EXCLUSIVE_AREA_50
                0x0040d598                SchM_Enter_Gpt_GPT_EXCLUSIVE_AREA_51
                0x0040d5cc                SchM_Exit_Gpt_GPT_EXCLUSIVE_AREA_51
                0x0040d5fc                SchM_Enter_Gpt_GPT_EXCLUSIVE_AREA_52
                0x0040d630                SchM_Exit_Gpt_GPT_EXCLUSIVE_AREA_52
                0x0040d660                SchM_Enter_Gpt_GPT_EXCLUSIVE_AREA_53
                0x0040d694                SchM_Exit_Gpt_GPT_EXCLUSIVE_AREA_53
                0x0040d6c4                SchM_Enter_Gpt_GPT_EXCLUSIVE_AREA_54
                0x0040d6f8                SchM_Exit_Gpt_GPT_EXCLUSIVE_AREA_54
                0x0040d728                SchM_Enter_Gpt_GPT_EXCLUSIVE_AREA_55
                0x0040d75c                SchM_Exit_Gpt_GPT_EXCLUSIVE_AREA_55
                0x0040d78c                SchM_Enter_Gpt_GPT_EXCLUSIVE_AREA_56
                0x0040d7c0                SchM_Exit_Gpt_GPT_EXCLUSIVE_AREA_56
                0x0040d7f0                SchM_Enter_Gpt_GPT_EXCLUSIVE_AREA_60
                0x0040d824                SchM_Exit_Gpt_GPT_EXCLUSIVE_AREA_60
                0x0040d854                SchM_Enter_Gpt_GPT_EXCLUSIVE_AREA_61
                0x0040d888                SchM_Exit_Gpt_GPT_EXCLUSIVE_AREA_61
                0x0040d8b8                SchM_Enter_Gpt_GPT_EXCLUSIVE_AREA_62
                0x0040d8ec                SchM_Exit_Gpt_GPT_EXCLUSIVE_AREA_62
                0x0040d91c                SchM_Enter_Gpt_GPT_EXCLUSIVE_AREA_63
                0x0040d950                SchM_Exit_Gpt_GPT_EXCLUSIVE_AREA_63
                0x0040d980                SchM_Enter_Gpt_GPT_EXCLUSIVE_AREA_64
                0x0040d9b4                SchM_Exit_Gpt_GPT_EXCLUSIVE_AREA_64
                0x0040d9e4                SchM_Enter_Gpt_GPT_EXCLUSIVE_AREA_65
                0x0040da18                SchM_Exit_Gpt_GPT_EXCLUSIVE_AREA_65
                0x0040da48                SchM_Enter_Gpt_GPT_EXCLUSIVE_AREA_66
                0x0040da7c                SchM_Exit_Gpt_GPT_EXCLUSIVE_AREA_66
                0x0040daac                SchM_Enter_Gpt_GPT_EXCLUSIVE_AREA_67
                0x0040dae0                SchM_Exit_Gpt_GPT_EXCLUSIVE_AREA_67
                0x0040db10                SchM_Enter_Gpt_GPT_EXCLUSIVE_AREA_68
                0x0040db44                SchM_Exit_Gpt_GPT_EXCLUSIVE_AREA_68
                0x0040db74                SchM_Enter_Gpt_GPT_EXCLUSIVE_AREA_69
                0x0040dba8                SchM_Exit_Gpt_GPT_EXCLUSIVE_AREA_69
                0x0040dbd8                SchM_Enter_Gpt_GPT_EXCLUSIVE_AREA_70
                0x0040dc0c                SchM_Exit_Gpt_GPT_EXCLUSIVE_AREA_70
                0x0040dc3c                SchM_Enter_Gpt_GPT_EXCLUSIVE_AREA_71
                0x0040dc70                SchM_Exit_Gpt_GPT_EXCLUSIVE_AREA_71
                0x0040dca0                SchM_Enter_Gpt_GPT_EXCLUSIVE_AREA_72
                0x0040dcd4                SchM_Exit_Gpt_GPT_EXCLUSIVE_AREA_72
                0x0040dd04                SchM_Enter_Gpt_GPT_EXCLUSIVE_AREA_73
                0x0040dd38                SchM_Exit_Gpt_GPT_EXCLUSIVE_AREA_73
 .mcal_text     0x0040dd68      0x9c4 out/SchM_I2c.o
                0x0040dd68                SchM_Enter_I2c_I2C_EXCLUSIVE_AREA_00
                0x0040dd9c                SchM_Exit_I2c_I2C_EXCLUSIVE_AREA_00
                0x0040ddcc                SchM_Enter_I2c_I2C_EXCLUSIVE_AREA_01
                0x0040de00                SchM_Exit_I2c_I2C_EXCLUSIVE_AREA_01
                0x0040de30                SchM_Enter_I2c_I2C_EXCLUSIVE_AREA_02
                0x0040de64                SchM_Exit_I2c_I2C_EXCLUSIVE_AREA_02
                0x0040de94                SchM_Enter_I2c_I2C_EXCLUSIVE_AREA_03
                0x0040dec8                SchM_Exit_I2c_I2C_EXCLUSIVE_AREA_03
                0x0040def8                SchM_Enter_I2c_I2C_EXCLUSIVE_AREA_04
                0x0040df2c                SchM_Exit_I2c_I2C_EXCLUSIVE_AREA_04
                0x0040df5c                SchM_Enter_I2c_I2C_EXCLUSIVE_AREA_05
                0x0040df90                SchM_Exit_I2c_I2C_EXCLUSIVE_AREA_05
                0x0040dfc0                SchM_Enter_I2c_I2C_EXCLUSIVE_AREA_06
                0x0040dff4                SchM_Exit_I2c_I2C_EXCLUSIVE_AREA_06
                0x0040e024                SchM_Enter_I2c_I2C_EXCLUSIVE_AREA_07
                0x0040e058                SchM_Exit_I2c_I2C_EXCLUSIVE_AREA_07
                0x0040e088                SchM_Enter_I2c_I2C_EXCLUSIVE_AREA_08
                0x0040e0bc                SchM_Exit_I2c_I2C_EXCLUSIVE_AREA_08
                0x0040e0ec                SchM_Enter_I2c_I2C_EXCLUSIVE_AREA_09
                0x0040e120                SchM_Exit_I2c_I2C_EXCLUSIVE_AREA_09
                0x0040e150                SchM_Enter_I2c_I2C_EXCLUSIVE_AREA_10
                0x0040e184                SchM_Exit_I2c_I2C_EXCLUSIVE_AREA_10
                0x0040e1b4                SchM_Enter_I2c_I2C_EXCLUSIVE_AREA_11
                0x0040e1e8                SchM_Exit_I2c_I2C_EXCLUSIVE_AREA_11
                0x0040e218                SchM_Enter_I2c_I2C_EXCLUSIVE_AREA_12
                0x0040e24c                SchM_Exit_I2c_I2C_EXCLUSIVE_AREA_12
                0x0040e27c                SchM_Enter_I2c_I2C_EXCLUSIVE_AREA_13
                0x0040e2b0                SchM_Exit_I2c_I2C_EXCLUSIVE_AREA_13
                0x0040e2e0                SchM_Enter_I2c_I2C_EXCLUSIVE_AREA_14
                0x0040e314                SchM_Exit_I2c_I2C_EXCLUSIVE_AREA_14
                0x0040e344                SchM_Enter_I2c_I2C_EXCLUSIVE_AREA_15
                0x0040e378                SchM_Exit_I2c_I2C_EXCLUSIVE_AREA_15
                0x0040e3a8                SchM_Enter_I2c_I2C_EXCLUSIVE_AREA_16
                0x0040e3dc                SchM_Exit_I2c_I2C_EXCLUSIVE_AREA_16
                0x0040e40c                SchM_Enter_I2c_I2C_EXCLUSIVE_AREA_17
                0x0040e440                SchM_Exit_I2c_I2C_EXCLUSIVE_AREA_17
                0x0040e470                SchM_Enter_I2c_I2C_EXCLUSIVE_AREA_18
                0x0040e4a4                SchM_Exit_I2c_I2C_EXCLUSIVE_AREA_18
                0x0040e4d4                SchM_Enter_I2c_I2C_EXCLUSIVE_AREA_19
                0x0040e508                SchM_Exit_I2c_I2C_EXCLUSIVE_AREA_19
                0x0040e538                SchM_Enter_I2c_I2C_EXCLUSIVE_AREA_20
                0x0040e56c                SchM_Exit_I2c_I2C_EXCLUSIVE_AREA_20
                0x0040e59c                SchM_Enter_I2c_I2C_EXCLUSIVE_AREA_21
                0x0040e5d0                SchM_Exit_I2c_I2C_EXCLUSIVE_AREA_21
                0x0040e600                SchM_Enter_I2c_I2C_EXCLUSIVE_AREA_22
                0x0040e634                SchM_Exit_I2c_I2C_EXCLUSIVE_AREA_22
                0x0040e664                SchM_Enter_I2c_I2C_EXCLUSIVE_AREA_23
                0x0040e698                SchM_Exit_I2c_I2C_EXCLUSIVE_AREA_23
                0x0040e6c8                SchM_Enter_I2c_I2C_EXCLUSIVE_AREA_24
                0x0040e6fc                SchM_Exit_I2c_I2C_EXCLUSIVE_AREA_24
 .mcal_text     0x0040e72c      0x76c out/SchM_I2s.o
                0x0040e72c                SchM_Enter_I2s_I2S_EXCLUSIVE_AREA_00
                0x0040e760                SchM_Exit_I2s_I2S_EXCLUSIVE_AREA_00
                0x0040e790                SchM_Enter_I2s_I2S_EXCLUSIVE_AREA_01
                0x0040e7c4                SchM_Exit_I2s_I2S_EXCLUSIVE_AREA_01
                0x0040e7f4                SchM_Enter_I2s_I2S_EXCLUSIVE_AREA_02
                0x0040e828                SchM_Exit_I2s_I2S_EXCLUSIVE_AREA_02
                0x0040e858                SchM_Enter_I2s_I2S_EXCLUSIVE_AREA_03
                0x0040e88c                SchM_Exit_I2s_I2S_EXCLUSIVE_AREA_03
                0x0040e8bc                SchM_Enter_I2s_I2S_EXCLUSIVE_AREA_04
                0x0040e8f0                SchM_Exit_I2s_I2S_EXCLUSIVE_AREA_04
                0x0040e920                SchM_Enter_I2s_I2S_EXCLUSIVE_AREA_05
                0x0040e954                SchM_Exit_I2s_I2S_EXCLUSIVE_AREA_05
                0x0040e984                SchM_Enter_I2s_I2S_EXCLUSIVE_AREA_06
                0x0040e9b8                SchM_Exit_I2s_I2S_EXCLUSIVE_AREA_06
                0x0040e9e8                SchM_Enter_I2s_I2S_EXCLUSIVE_AREA_07
                0x0040ea1c                SchM_Exit_I2s_I2S_EXCLUSIVE_AREA_07
                0x0040ea4c                SchM_Enter_I2s_I2S_EXCLUSIVE_AREA_08
                0x0040ea80                SchM_Exit_I2s_I2S_EXCLUSIVE_AREA_08
                0x0040eab0                SchM_Enter_I2s_I2S_EXCLUSIVE_AREA_09
                0x0040eae4                SchM_Exit_I2s_I2S_EXCLUSIVE_AREA_09
                0x0040eb14                SchM_Enter_I2s_I2S_EXCLUSIVE_AREA_10
                0x0040eb48                SchM_Exit_I2s_I2S_EXCLUSIVE_AREA_10
                0x0040eb78                SchM_Enter_I2s_I2S_EXCLUSIVE_AREA_11
                0x0040ebac                SchM_Exit_I2s_I2S_EXCLUSIVE_AREA_11
                0x0040ebdc                SchM_Enter_I2s_I2S_EXCLUSIVE_AREA_12
                0x0040ec10                SchM_Exit_I2s_I2S_EXCLUSIVE_AREA_12
                0x0040ec40                SchM_Enter_I2s_I2S_EXCLUSIVE_AREA_13
                0x0040ec74                SchM_Exit_I2s_I2S_EXCLUSIVE_AREA_13
                0x0040eca4                SchM_Enter_I2s_I2S_EXCLUSIVE_AREA_14
                0x0040ecd8                SchM_Exit_I2s_I2S_EXCLUSIVE_AREA_14
                0x0040ed08                SchM_Enter_I2s_I2S_EXCLUSIVE_AREA_15
                0x0040ed3c                SchM_Exit_I2s_I2S_EXCLUSIVE_AREA_15
                0x0040ed6c                SchM_Enter_I2s_I2S_EXCLUSIVE_AREA_16
                0x0040eda0                SchM_Exit_I2s_I2S_EXCLUSIVE_AREA_16
                0x0040edd0                SchM_Enter_I2s_I2S_EXCLUSIVE_AREA_17
                0x0040ee04                SchM_Exit_I2s_I2S_EXCLUSIVE_AREA_17
                0x0040ee34                SchM_Enter_I2s_I2S_EXCLUSIVE_AREA_18
                0x0040ee68                SchM_Exit_I2s_I2S_EXCLUSIVE_AREA_18
 .mcal_text     0x0040ee98     0x10cc out/SchM_Icu.o
                0x0040ee98                SchM_Enter_Icu_ICU_EXCLUSIVE_AREA_00
                0x0040eecc                SchM_Exit_Icu_ICU_EXCLUSIVE_AREA_00
                0x0040eefc                SchM_Enter_Icu_ICU_EXCLUSIVE_AREA_01
                0x0040ef30                SchM_Exit_Icu_ICU_EXCLUSIVE_AREA_01
                0x0040ef60                SchM_Enter_Icu_ICU_EXCLUSIVE_AREA_02
                0x0040ef94                SchM_Exit_Icu_ICU_EXCLUSIVE_AREA_02
                0x0040efc4                SchM_Enter_Icu_ICU_EXCLUSIVE_AREA_03
                0x0040eff8                SchM_Exit_Icu_ICU_EXCLUSIVE_AREA_03
                0x0040f028                SchM_Enter_Icu_ICU_EXCLUSIVE_AREA_04
                0x0040f05c                SchM_Exit_Icu_ICU_EXCLUSIVE_AREA_04
                0x0040f08c                SchM_Enter_Icu_ICU_EXCLUSIVE_AREA_05
                0x0040f0c0                SchM_Exit_Icu_ICU_EXCLUSIVE_AREA_05
                0x0040f0f0                SchM_Enter_Icu_ICU_EXCLUSIVE_AREA_06
                0x0040f124                SchM_Exit_Icu_ICU_EXCLUSIVE_AREA_06
                0x0040f154                SchM_Enter_Icu_ICU_EXCLUSIVE_AREA_07
                0x0040f188                SchM_Exit_Icu_ICU_EXCLUSIVE_AREA_07
                0x0040f1b8                SchM_Enter_Icu_ICU_EXCLUSIVE_AREA_08
                0x0040f1ec                SchM_Exit_Icu_ICU_EXCLUSIVE_AREA_08
                0x0040f21c                SchM_Enter_Icu_ICU_EXCLUSIVE_AREA_09
                0x0040f250                SchM_Exit_Icu_ICU_EXCLUSIVE_AREA_09
                0x0040f280                SchM_Enter_Icu_ICU_EXCLUSIVE_AREA_11
                0x0040f2b4                SchM_Exit_Icu_ICU_EXCLUSIVE_AREA_11
                0x0040f2e4                SchM_Enter_Icu_ICU_EXCLUSIVE_AREA_15
                0x0040f318                SchM_Exit_Icu_ICU_EXCLUSIVE_AREA_15
                0x0040f348                SchM_Enter_Icu_ICU_EXCLUSIVE_AREA_16
                0x0040f37c                SchM_Exit_Icu_ICU_EXCLUSIVE_AREA_16
                0x0040f3ac                SchM_Enter_Icu_ICU_EXCLUSIVE_AREA_17
                0x0040f3e0                SchM_Exit_Icu_ICU_EXCLUSIVE_AREA_17
                0x0040f410                SchM_Enter_Icu_ICU_EXCLUSIVE_AREA_18
                0x0040f444                SchM_Exit_Icu_ICU_EXCLUSIVE_AREA_18
                0x0040f474                SchM_Enter_Icu_ICU_EXCLUSIVE_AREA_19
                0x0040f4a8                SchM_Exit_Icu_ICU_EXCLUSIVE_AREA_19
                0x0040f4d8                SchM_Enter_Icu_ICU_EXCLUSIVE_AREA_20
                0x0040f50c                SchM_Exit_Icu_ICU_EXCLUSIVE_AREA_20
                0x0040f53c                SchM_Enter_Icu_ICU_EXCLUSIVE_AREA_21
                0x0040f570                SchM_Exit_Icu_ICU_EXCLUSIVE_AREA_21
                0x0040f5a0                SchM_Enter_Icu_ICU_EXCLUSIVE_AREA_22
                0x0040f5d4                SchM_Exit_Icu_ICU_EXCLUSIVE_AREA_22
                0x0040f604                SchM_Enter_Icu_ICU_EXCLUSIVE_AREA_23
                0x0040f638                SchM_Exit_Icu_ICU_EXCLUSIVE_AREA_23
                0x0040f668                SchM_Enter_Icu_ICU_EXCLUSIVE_AREA_24
                0x0040f69c                SchM_Exit_Icu_ICU_EXCLUSIVE_AREA_24
                0x0040f6cc                SchM_Enter_Icu_ICU_EXCLUSIVE_AREA_25
                0x0040f700                SchM_Exit_Icu_ICU_EXCLUSIVE_AREA_25
                0x0040f730                SchM_Enter_Icu_ICU_EXCLUSIVE_AREA_26
                0x0040f764                SchM_Exit_Icu_ICU_EXCLUSIVE_AREA_26
                0x0040f794                SchM_Enter_Icu_ICU_EXCLUSIVE_AREA_27
                0x0040f7c8                SchM_Exit_Icu_ICU_EXCLUSIVE_AREA_27
                0x0040f7f8                SchM_Enter_Icu_ICU_EXCLUSIVE_AREA_28
                0x0040f82c                SchM_Exit_Icu_ICU_EXCLUSIVE_AREA_28
                0x0040f85c                SchM_Enter_Icu_ICU_EXCLUSIVE_AREA_29
                0x0040f890                SchM_Exit_Icu_ICU_EXCLUSIVE_AREA_29
                0x0040f8c0                SchM_Enter_Icu_ICU_EXCLUSIVE_AREA_30
                0x0040f8f4                SchM_Exit_Icu_ICU_EXCLUSIVE_AREA_30
                0x0040f924                SchM_Enter_Icu_ICU_EXCLUSIVE_AREA_31
                0x0040f958                SchM_Exit_Icu_ICU_EXCLUSIVE_AREA_31
                0x0040f988                SchM_Enter_Icu_ICU_EXCLUSIVE_AREA_32
                0x0040f9bc                SchM_Exit_Icu_ICU_EXCLUSIVE_AREA_32
                0x0040f9ec                SchM_Enter_Icu_ICU_EXCLUSIVE_AREA_33
                0x0040fa20                SchM_Exit_Icu_ICU_EXCLUSIVE_AREA_33
                0x0040fa50                SchM_Enter_Icu_ICU_EXCLUSIVE_AREA_44
                0x0040fa84                SchM_Exit_Icu_ICU_EXCLUSIVE_AREA_44
                0x0040fab4                SchM_Enter_Icu_ICU_EXCLUSIVE_AREA_45
                0x0040fae8                SchM_Exit_Icu_ICU_EXCLUSIVE_AREA_45
                0x0040fb18                SchM_Enter_Icu_ICU_EXCLUSIVE_AREA_46
                0x0040fb4c                SchM_Exit_Icu_ICU_EXCLUSIVE_AREA_46
                0x0040fb7c                SchM_Enter_Icu_ICU_EXCLUSIVE_AREA_47
                0x0040fbb0                SchM_Exit_Icu_ICU_EXCLUSIVE_AREA_47
                0x0040fbe0                SchM_Enter_Icu_ICU_EXCLUSIVE_AREA_48
                0x0040fc14                SchM_Exit_Icu_ICU_EXCLUSIVE_AREA_48
                0x0040fc44                SchM_Enter_Icu_ICU_EXCLUSIVE_AREA_49
                0x0040fc78                SchM_Exit_Icu_ICU_EXCLUSIVE_AREA_49
                0x0040fca8                SchM_Enter_Icu_ICU_EXCLUSIVE_AREA_50
                0x0040fcdc                SchM_Exit_Icu_ICU_EXCLUSIVE_AREA_50
                0x0040fd0c                SchM_Enter_Icu_ICU_EXCLUSIVE_AREA_51
                0x0040fd40                SchM_Exit_Icu_ICU_EXCLUSIVE_AREA_51
                0x0040fd70                SchM_Enter_Icu_ICU_EXCLUSIVE_AREA_52
                0x0040fda4                SchM_Exit_Icu_ICU_EXCLUSIVE_AREA_52
                0x0040fdd4                SchM_Enter_Icu_ICU_EXCLUSIVE_AREA_53
                0x0040fe08                SchM_Exit_Icu_ICU_EXCLUSIVE_AREA_53
                0x0040fe38                SchM_Enter_Icu_ICU_EXCLUSIVE_AREA_57
                0x0040fe6c                SchM_Exit_Icu_ICU_EXCLUSIVE_AREA_57
                0x0040fe9c                SchM_Enter_Icu_ICU_EXCLUSIVE_AREA_58
                0x0040fed0                SchM_Exit_Icu_ICU_EXCLUSIVE_AREA_58
                0x0040ff00                SchM_Enter_Icu_ICU_EXCLUSIVE_AREA_59
                0x0040ff34                SchM_Exit_Icu_ICU_EXCLUSIVE_AREA_59
 .mcal_text     0x0040ff64       0x64 out/SchM_Ipcf.o
                0x0040ff64                SchM_Enter_Ipcf_IPCF_EXCLUSIVE_AREA_00
                0x0040ff98                SchM_Exit_Ipcf_IPCF_EXCLUSIVE_AREA_00
 .mcal_text     0x0040ffc8      0x1f4 out/SchM_Iseled.o
                0x0040ffc8                SchM_Enter_Iseled_ISELED_EXCLUSIVE_AREA_00
                0x0040fffc                SchM_Exit_Iseled_ISELED_EXCLUSIVE_AREA_00
                0x0041002c                SchM_Enter_Iseled_ISELED_EXCLUSIVE_AREA_01
                0x00410060                SchM_Exit_Iseled_ISELED_EXCLUSIVE_AREA_01
                0x00410090                SchM_Enter_Iseled_ISELED_EXCLUSIVE_AREA_02
                0x004100c4                SchM_Exit_Iseled_ISELED_EXCLUSIVE_AREA_02
                0x004100f4                SchM_Enter_Iseled_ISELED_EXCLUSIVE_AREA_03
                0x00410128                SchM_Exit_Iseled_ISELED_EXCLUSIVE_AREA_03
                0x00410158                SchM_Enter_Iseled_ISELED_EXCLUSIVE_AREA_04
                0x0041018c                SchM_Exit_Iseled_ISELED_EXCLUSIVE_AREA_04
 .mcal_text     0x004101bc       0xc8 out/SchM_LinTrcv_43_fs23.o
                0x004101bc                SchM_Enter_LinTrcv_43_fs23_LINTRCV_EXCLUSIVE_AREA_00
                0x004101f0                SchM_Exit_LinTrcv_43_fs23_LINTRCV_EXCLUSIVE_AREA_00
                0x00410220                SchM_Enter_LinTrcv_43_fs23_LINTRCV_EXCLUSIVE_AREA_01
                0x00410254                SchM_Exit_LinTrcv_43_fs23_LINTRCV_EXCLUSIVE_AREA_01
 .mcal_text     0x00410284       0xc8 out/SchM_LinTrcv_43_fs65.o
                0x00410284                SchM_Enter_LinTrcv_43_fs65_LINTRCV_EXCLUSIVE_AREA_00
                0x004102b8                SchM_Exit_LinTrcv_43_fs65_LINTRCV_EXCLUSIVE_AREA_00
                0x004102e8                SchM_Enter_LinTrcv_43_fs65_LINTRCV_EXCLUSIVE_AREA_01
                0x0041031c                SchM_Exit_LinTrcv_43_fs65_LINTRCV_EXCLUSIVE_AREA_01
 .mcal_text     0x0041034c      0x708 out/SchM_Lin_43_LPUART_FLEXIO.o
                0x0041034c                SchM_Enter_Lin_43_LPUART_FLEXIO_LIN_EXCLUSIVE_AREA_08
                0x00410380                SchM_Exit_Lin_43_LPUART_FLEXIO_LIN_EXCLUSIVE_AREA_08
                0x004103b0                SchM_Enter_Lin_43_LPUART_FLEXIO_LIN_EXCLUSIVE_AREA_09
                0x004103e4                SchM_Exit_Lin_43_LPUART_FLEXIO_LIN_EXCLUSIVE_AREA_09
                0x00410414                SchM_Enter_Lin_43_LPUART_FLEXIO_LIN_EXCLUSIVE_AREA_10
                0x00410448                SchM_Exit_Lin_43_LPUART_FLEXIO_LIN_EXCLUSIVE_AREA_10
                0x00410478                SchM_Enter_Lin_43_LPUART_FLEXIO_LIN_EXCLUSIVE_AREA_11
                0x004104ac                SchM_Exit_Lin_43_LPUART_FLEXIO_LIN_EXCLUSIVE_AREA_11
                0x004104dc                SchM_Enter_Lin_43_LPUART_FLEXIO_LIN_EXCLUSIVE_AREA_13
                0x00410510                SchM_Exit_Lin_43_LPUART_FLEXIO_LIN_EXCLUSIVE_AREA_13
                0x00410540                SchM_Enter_Lin_43_LPUART_FLEXIO_LIN_EXCLUSIVE_AREA_15
                0x00410574                SchM_Exit_Lin_43_LPUART_FLEXIO_LIN_EXCLUSIVE_AREA_15
                0x004105a4                SchM_Enter_Lin_43_LPUART_FLEXIO_LIN_EXCLUSIVE_AREA_16
                0x004105d8                SchM_Exit_Lin_43_LPUART_FLEXIO_LIN_EXCLUSIVE_AREA_16
                0x00410608                SchM_Enter_Lin_43_LPUART_FLEXIO_LIN_EXCLUSIVE_AREA_17
                0x0041063c                SchM_Exit_Lin_43_LPUART_FLEXIO_LIN_EXCLUSIVE_AREA_17
                0x0041066c                SchM_Enter_Lin_43_LPUART_FLEXIO_LIN_EXCLUSIVE_AREA_18
                0x004106a0                SchM_Exit_Lin_43_LPUART_FLEXIO_LIN_EXCLUSIVE_AREA_18
                0x004106d0                SchM_Enter_Lin_43_LPUART_FLEXIO_LIN_EXCLUSIVE_AREA_19
                0x00410704                SchM_Exit_Lin_43_LPUART_FLEXIO_LIN_EXCLUSIVE_AREA_19
                0x00410734                SchM_Enter_Lin_43_LPUART_FLEXIO_LIN_EXCLUSIVE_AREA_20
                0x00410768                SchM_Exit_Lin_43_LPUART_FLEXIO_LIN_EXCLUSIVE_AREA_20
                0x00410798                SchM_Enter_Lin_43_LPUART_FLEXIO_LIN_EXCLUSIVE_AREA_21
                0x004107cc                SchM_Exit_Lin_43_LPUART_FLEXIO_LIN_EXCLUSIVE_AREA_21
                0x004107fc                SchM_Enter_Lin_43_LPUART_FLEXIO_LIN_EXCLUSIVE_AREA_22
                0x00410830                SchM_Exit_Lin_43_LPUART_FLEXIO_LIN_EXCLUSIVE_AREA_22
                0x00410860                SchM_Enter_Lin_43_LPUART_FLEXIO_LIN_EXCLUSIVE_AREA_23
                0x00410894                SchM_Exit_Lin_43_LPUART_FLEXIO_LIN_EXCLUSIVE_AREA_23
                0x004108c4                SchM_Enter_Lin_43_LPUART_FLEXIO_LIN_EXCLUSIVE_AREA_24
                0x004108f8                SchM_Exit_Lin_43_LPUART_FLEXIO_LIN_EXCLUSIVE_AREA_24
                0x00410928                SchM_Enter_Lin_43_LPUART_FLEXIO_LIN_EXCLUSIVE_AREA_25
                0x0041095c                SchM_Exit_Lin_43_LPUART_FLEXIO_LIN_EXCLUSIVE_AREA_25
                0x0041098c                SchM_Enter_Lin_43_LPUART_FLEXIO_LIN_EXCLUSIVE_AREA_26
                0x004109c0                SchM_Exit_Lin_43_LPUART_FLEXIO_LIN_EXCLUSIVE_AREA_26
                0x004109f0                SchM_Enter_Lin_43_LPUART_FLEXIO_LIN_EXCLUSIVE_AREA_27
                0x00410a24                SchM_Exit_Lin_43_LPUART_FLEXIO_LIN_EXCLUSIVE_AREA_27
 .mcal_text     0x00410a54     0x125c out/SchM_Mcl.o
                0x00410a54                SchM_Enter_Mcl_MCL_EXCLUSIVE_AREA_00
                0x00410a88                SchM_Exit_Mcl_MCL_EXCLUSIVE_AREA_00
                0x00410ab8                SchM_Enter_Mcl_MCL_EXCLUSIVE_AREA_01
                0x00410aec                SchM_Exit_Mcl_MCL_EXCLUSIVE_AREA_01
                0x00410b1c                SchM_Enter_Mcl_MCL_EXCLUSIVE_AREA_02
                0x00410b50                SchM_Exit_Mcl_MCL_EXCLUSIVE_AREA_02
                0x00410b80                SchM_Enter_Mcl_MCL_EXCLUSIVE_AREA_03
                0x00410bb4                SchM_Exit_Mcl_MCL_EXCLUSIVE_AREA_03
                0x00410be4                SchM_Enter_Mcl_MCL_EXCLUSIVE_AREA_04
                0x00410c18                SchM_Exit_Mcl_MCL_EXCLUSIVE_AREA_04
                0x00410c48                SchM_Enter_Mcl_MCL_EXCLUSIVE_AREA_05
                0x00410c7c                SchM_Exit_Mcl_MCL_EXCLUSIVE_AREA_05
                0x00410cac                SchM_Enter_Mcl_MCL_EXCLUSIVE_AREA_06
                0x00410ce0                SchM_Exit_Mcl_MCL_EXCLUSIVE_AREA_06
                0x00410d10                SchM_Enter_Mcl_MCL_EXCLUSIVE_AREA_07
                0x00410d44                SchM_Exit_Mcl_MCL_EXCLUSIVE_AREA_07
                0x00410d74                SchM_Enter_Mcl_MCL_EXCLUSIVE_AREA_08
                0x00410da8                SchM_Exit_Mcl_MCL_EXCLUSIVE_AREA_08
                0x00410dd8                SchM_Enter_Mcl_MCL_EXCLUSIVE_AREA_09
                0x00410e0c                SchM_Exit_Mcl_MCL_EXCLUSIVE_AREA_09
                0x00410e3c                SchM_Enter_Mcl_MCL_EXCLUSIVE_AREA_10
                0x00410e70                SchM_Exit_Mcl_MCL_EXCLUSIVE_AREA_10
                0x00410ea0                SchM_Enter_Mcl_MCL_EXCLUSIVE_AREA_11
                0x00410ed4                SchM_Exit_Mcl_MCL_EXCLUSIVE_AREA_11
                0x00410f04                SchM_Enter_Mcl_MCL_EXCLUSIVE_AREA_12
                0x00410f38                SchM_Exit_Mcl_MCL_EXCLUSIVE_AREA_12
                0x00410f68                SchM_Enter_Mcl_MCL_EXCLUSIVE_AREA_13
                0x00410f9c                SchM_Exit_Mcl_MCL_EXCLUSIVE_AREA_13
                0x00410fcc                SchM_Enter_Mcl_MCL_EXCLUSIVE_AREA_14
                0x00411000                SchM_Exit_Mcl_MCL_EXCLUSIVE_AREA_14
                0x00411030                SchM_Enter_Mcl_MCL_EXCLUSIVE_AREA_15
                0x00411064                SchM_Exit_Mcl_MCL_EXCLUSIVE_AREA_15
                0x00411094                SchM_Enter_Mcl_MCL_EXCLUSIVE_AREA_16
                0x004110c8                SchM_Exit_Mcl_MCL_EXCLUSIVE_AREA_16
                0x004110f8                SchM_Enter_Mcl_MCL_EXCLUSIVE_AREA_17
                0x0041112c                SchM_Exit_Mcl_MCL_EXCLUSIVE_AREA_17
                0x0041115c                SchM_Enter_Mcl_MCL_EXCLUSIVE_AREA_18
                0x00411190                SchM_Exit_Mcl_MCL_EXCLUSIVE_AREA_18
                0x004111c0                SchM_Enter_Mcl_MCL_EXCLUSIVE_AREA_19
                0x004111f4                SchM_Exit_Mcl_MCL_EXCLUSIVE_AREA_19
                0x00411224                SchM_Enter_Mcl_MCL_EXCLUSIVE_AREA_20
                0x00411258                SchM_Exit_Mcl_MCL_EXCLUSIVE_AREA_20
                0x00411288                SchM_Enter_Mcl_MCL_EXCLUSIVE_AREA_21
                0x004112bc                SchM_Exit_Mcl_MCL_EXCLUSIVE_AREA_21
                0x004112ec                SchM_Enter_Mcl_MCL_EXCLUSIVE_AREA_22
                0x00411320                SchM_Exit_Mcl_MCL_EXCLUSIVE_AREA_22
                0x00411350                SchM_Enter_Mcl_MCL_EXCLUSIVE_AREA_23